Unity Editor version:    6000.5.1f1 (0d9463e84828)
Branch:                  6000.5/staging
Build type:              Release
Batch mode:              YES
macOS version:           Version 15.6 (Build 24G84)
Darwin version:          24.6.0
Architecture:            arm64
Running under Rosetta:   NO
Available memory:        49152 MB
Date:                    2026-09-15T22:26:22Z
[Licensing::Module] Trying to connect to existing licensing client channel...
[Licensing::IpcConnector] Successfully connected to: "LicenseClient-maxallison" at "2026-09-15T22:26:22.943505Z"

COMMAND LINE ARGUMENTS:
/Applications/Unity/Hub/Editor/6000.5.1f1/Unity.app/Contents/MacOS/Unity
-adb2
-batchMode
-noUpm
-name
AssetImportWorkerHW0
-projectPath
/Users/maxallison/Documents/GitHub/tac-380-Prototype-2
-logFile
Logs/AssetImportWorkerHW0.log
-srvPort
62723
-parentPid
21390
-analyticsCloudUserId
anonymous
-analyticsCloudProjectId
ea04a465-9859-462b-87dd-d272f7fc32ab
-analyticsLocalProjectId
86f017c1a29dd43949425c909191afc8
-licensingIpc
LicenseClient-maxallison
-noDiagnosticSwitchPersistentStore
-job-worker-count
6
-background-job-worker-count
8
-asset-garbage-collectors
1
-force-metal
-name AssetImport
Successfully changed project path to: /Users/maxallison/Documents/GitHub/tac-380-Prototype-2
/Users/maxallison/Documents/GitHub/tac-380-Prototype-2
[UnityMemory] Configuration Parameters - Can be set up in boot.config
    "memorysetup-temp-allocator-size-gi-baking-worker=262144"
    "memorysetup-temp-allocator-size-gi-baking-worker=262144"
    "memorysetup-temp-allocator-size-gi-baking-worker=262144"
    "memorysetup-temp-allocator-size-gi-baking-worker=262144"
    "memorysetup-temp-allocator-size-gi-baking-worker=262144"
    "memorysetup-temp-allocator-size-nav-mesh-worker=65536"
    "memorysetup-temp-allocator-size-audio-worker=65536"
    "memorysetup-temp-allocator-size-cloud-worker=32768"
    "memorysetup-allocator-temp-initial-block-size-main=262144"
    "memorysetup-allocator-temp-initial-block-size-worker=262144"
    "memorysetup-temp-allocator-size-preload-manager=33554432"
    "memorysetup-temp-allocator-size-gfx=262144"
    "memorysetup-temp-allocator-size-background-worker=32768"
    "memorysetup-temp-allocator-size-job-worker=262144"
    "memorysetup-bucket-allocator-granularity=16"
    "memorysetup-bucket-allocator-bucket-count=8"
    "memorysetup-bucket-allocator-block-size=33554432"
    "memorysetup-bucket-allocator-block-count=8"
    "memorysetup-main-allocator-block-size=16777216"
    "memorysetup-thread-allocator-block-size=16777216"
    "memorysetup-main-allocator-mimalloc-enabled=0"
    "memorysetup-gfx-main-allocator-block-size=16777216"
    "memorysetup-gfx-thread-allocator-block-size=16777216"
    "memorysetup-cache-allocator-block-size=4194304"
    "memorysetup-typetree-allocator-block-size=2097152"
    "memorysetup-profiler-bucket-allocator-granularity=16"
    "memorysetup-profiler-bucket-allocator-bucket-count=8"
    "memorysetup-profiler-bucket-allocator-block-size=33554432"
    "memorysetup-profiler-bucket-allocator-block-count=8"
    "memorysetup-profiler-allocator-block-size=16777216"
    "memorysetup-profiler-editor-allocator-block-size=1048576"
    "memorysetup-temp-allocator-size-main=16777216"
    "memorysetup-job-temp-allocator-block-size=2097152"
    "memorysetup-job-temp-allocator-block-size-background=1048576"
    "memorysetup-job-temp-allocator-reduction-small-platforms=262144"
Player connection [8533532864]  Target information:

Player connection [8533532864]  * "[IP] 10.23.206.191 [Port] 0 [Flags] 2 [Guid] 518713251 [EditorId] 518713251 [Version] 1048832 [Id] OSXEditor(0,Maxs-MacBook-Pro.local) [Debug] 1 [PackageName] OSXEditor [ProjectName] Editor" 

Player connection [8533532864] Host joined multi-casting on [225.0.0.222:54997]...
Player connection [8533532864] Host joined alternative multi-casting on [225.0.0.222:34997]...
JobSystem: Creating JobQueue using job-worker-count value 6
Input System module state changed to: Initialized.
[Physics::Module] Initialized fallback backend.
[Physics::Module] Id: 0xdecafbad
Library Redirect Path: Library/
[Physics::Module] Selected backend.
[Physics::Module] Name: PhysX
[Physics::Module] Id: 0xf2b8ea05
[Physics::Module] SDK Version: 4.1.2
[Physics::Module] Integration Version: 1.0.0
[Physics::Module] Threading Mode: Multi-Threaded
Refreshing native plugins compatible for Editor in 3.65 ms, found 3 plugins.
Initialize engine version: 6000.5.1f1 (0d9463e84828)
[Subsystems] Discovering subsystems at path /Applications/Unity/Hub/Editor/6000.5.1f1/Unity.app/Contents/Resources/UnitySubsystems
[Subsystems] Discovering subsystems at path /Users/maxallison/Documents/GitHub/tac-380-Prototype-2/Assets
Forcing GfxDevice: Metal
GfxDevice: creating device client; kGfxThreadingModeNonThreaded
 preferred device: Apple M4 Pro (high power)
Metal devices available: 1
0: Apple M4 Pro (high power)
Using device Apple M4 Pro (high power)
Initializing Metal device caps: Apple M4 Pro
Mac GPU Family: 2
Apple GPU Family: 9
MSL Version: 3.0
Has Float MSAA: 1
Has Float Filtering: 1
ReadWrite Texture Tier: 2
[Licensing::Client] Handshaking with LicensingClient:
  Version:                 1.18.3+d7ffd15
  Session Id:              ef6049d6a0e246e88cc02cdd0d1728dd
  Correlation Id:          19b9ce57cee4f1cc9790e9b59c92efb1
  External correlation Id: 6963560835916440903
  Machine Id:              5PZ6Do2HgZJx38Om1NtxKwF/mIA=
[Licensing::Module] Successfully connected to LicensingClient on channel: "LicenseClient-maxallison" (connect: 0.00s, validation: 0.00s, handshake: 0.23s)
[Licensing::IpcConnector] Successfully connected to: "LicenseClient-maxallison-notifications" at "2026-09-15T22:26:23.17426Z"
[Licensing::Module] Licensing Background thread has ended after 0.23s
Initialize mono
Mono path[0] = '/Applications/Unity/Hub/Editor/6000.5.1f1/Unity.app/Contents/Resources/Scripting/Managed'
Mono path[1] = '/Applications/Unity/Hub/Editor/6000.5.1f1/Unity.app/Contents/Resources/Scripting/BCLExtensions/runtime/netstandard2.1'
Mono path[2] = '/Applications/Unity/Hub/Editor/6000.5.1f1/Unity.app/Contents/Resources/Scripting/MonoBleedingEdge/lib/mono/unityjit-macos'
Mono config path = '/Applications/Unity/Hub/Editor/6000.5.1f1/Unity.app/Contents/Resources/Scripting/MonoBleedingEdge/etc'
Using monoOptions --debugger-agent=transport=dt_socket,embedding=1,server=y,suspend=n,address=127.0.0.1:56421
CodeReloadManager initialized
Begin MonoManager ReloadAssembly
Registering precompiled unity dll's ...
Register platform support module: /Applications/Unity/Hub/Editor/6000.5.1f1/PlaybackEngines/MacStandaloneSupport/UnityEditor.OSXStandalone.Extensions.dll
Registered in 0.000352 seconds.
Native extension for OSXStandalone target not found
Package Manager log level set to [2]
[Package Manager] Failed to launch server process. Reason: Unity was launched with the -noUpm command-line argument
[Package Manager] Unable to send message (not connected to server process).
[Package Manager] Cannot connect to Unity Package Manager local server
ScheduleIndexationOnStartup MainProcess:False IndexOnStartup:True
Mono: successfully reloaded assembly
- Finished resetting the current domain, in  0.214 seconds
Domain Reload Profiling: 463ms
	BeginReloadAssembly (47ms)
	RebuildCommonClasses (3ms)
	RebuildNativeTypeToScriptingClass (10ms)
	initialDomainReloadingComplete (29ms)
	LoadAllAssembliesAndSetupDomain (160ms)
		LoadAssemblies (46ms)
		AnalyzeDomain (122ms)
			TypeCache.Refresh (121ms)
				TypeCache.ScanAssembly (110ms)
	FinalizeReload (215ms)
		SetupLoadedEditorAssemblies (0ms)
			BeforeProcessingInitializeOnLoad (44ms)
			ProcessInitializeOnLoadAttributes (51ms)
			ProcessInitializeOnLoadMethodAttributes (73ms)
Initializing Unity extensions:
[Licensing::Client] Successfully resolved entitlement details
[Licensing::Module] License group:
  Id: 1374419531212-UnityPersXXXX
  Product: Unity Personal
  Type: Assigned
  Expiration: Unlimited
[CoreBusinessMetrics] Unexpected thread when updating session info.
Curl error 3: URL rejected: Error
========================================================================
Worker process is ready to serve import requests
Import Worker Mode flag is 0x00
Begin MonoManager ReloadAssembly
Native extension for OSXStandalone target not found
[Package Manager] Failed to launch server process. Reason: Unity was launched with the -noUpm command-line argument
[Package Manager] Unable to send message (not connected to server process).
[Package Manager] Cannot connect to Unity Package Manager local server
[Package Manager] Failed to launch server process. Reason: Unity was launched with the -noUpm command-line argument
[Package Manager] Unable to send message (not connected to server process).
[Package Manager] Cannot connect to Unity Package Manager local server
ScheduleIndexationOnStartup MainProcess:False IndexOnStartup:True
Mono: successfully reloaded assembly
- Finished resetting the current domain, in  0.499 seconds
Domain Reload Profiling: 904ms
	BeginReloadAssembly (79ms)
		CreateAndSetChildDomain (21ms)
	RebuildCommonClasses (5ms)
	RebuildNativeTypeToScriptingClass (9ms)
	initialDomainReloadingComplete (22ms)
	LoadAllAssembliesAndSetupDomain (289ms)
		LoadAssemblies (121ms)
		AnalyzeDomain (143ms)
			TypeCache.Refresh (107ms)
				TypeCache.ScanAssembly (96ms)
			BuildScriptInfoCaches (31ms)
			ResolveRequiredComponents (4ms)
	FinalizeReload (500ms)
		SetupLoadedEditorAssemblies (0ms)
			BeforeProcessingInitializeOnLoad (47ms)
			ProcessInitializeOnLoadAttributes (230ms)
			ProcessInitializeOnLoadMethodAttributes (126ms)
AcceleratorClientConnectionCallback - disconnected - :0
WARNING: Shader Unsupported: 'Universal Render Pipeline/VR/SpatialMapping/Wireframe' - All subshaders removed
WARNING: Shader Did you use #pragma only_renderers and omit this platform?
WARNING: Shader If subshaders removal was intentional, you may have forgotten turning Fallback off?
Shader Hidden/ChartRasterizerHardware is not supported: GPU does not support conservative rasterization
Shader Hidden/ChartRasterizerHardware is not supported: GPU does not support conservative rasterization
Launching external process: /Applications/Unity/Hub/Editor/6000.5.1f1/Unity.app/Contents/Helpers/UnityShaderCompiler
Launched and connected shader compiler UnityShaderCompiler after 0.02 seconds
Curl error 3: URL rejected: Error
Unloading 79 Unused Serialized files (Serialized files now loaded: 0)
Unloading 7221 unused Assets / (14.0 MB). Loaded Objects now: 7992.
Memory consumption went from 187.0 MB to 173.0 MB.
Total: 8.739708 ms (FindLiveObjects: 0.263375 ms CreateObjectMapping: 1.169666 ms MarkObjects: 4.128959 ms  DeleteObjects: 3.177375 ms)

========================================================================
Received Import Request.
  Time of request: 2026-09-15T22:26:25.95347Z
  Time since last request: 67250.01993804100493 seconds.
  importAddress: GUID: 8c9cfa26abfee488c85f1582747f6a02 - Path: Assets/Scenes/SampleScene.unity - Importer: ScriptedImporter/UnityEditor.QuickSearchModule:UnityEditor.Search:ASIAI0B
Importing 'GUID: 8c9cfa26abfee488c85f1582747f6a02 - Path: Assets/Scenes/SampleScene.unity - Importer: ScriptedImporter/UnityEditor.QuickSearchModule:UnityEditor.Search:ASIAI0B' with importer (ScriptedImporter : UnityEditor.QuickSearchModule:UnityEditor.Search:ASIAI0B)
Imported 'GUID: 8c9cfa26abfee488c85f1582747f6a02' -> (Import Result ID: 'f86a626d76a09545c742d9078e0afa5e') in 0.024 seconds [static and dynamic dependencies]. Details - ImportResultOutputID=78246b224d02d740cf8b03eb9e31d917 DependenciesID=4f8f587d3f819ec926e2e3a0b890878d StaticDependenciesID=70d6499bb38143b86a325a9679855228 
Number of updated asset objects reloaded before import = 0
Number of asset objects unloaded after import = 1
========================================================================
Received Import Request.
  Time of request: 2026-09-15T22:26:25.984983Z
  Time since last request: 0.000366417 seconds.
  importAddress: GUID: edb149c5921da492c99baefa5ab36d24 - Path: Assets/sprites/Untitled_Artwork 32.png - Importer: ScriptedImporter/UnityEditor.QuickSearchModule:UnityEditor.Search:ASIAI0B
Importing 'GUID: edb149c5921da492c99baefa5ab36d24 - Path: Assets/sprites/Untitled_Artwork 32.png - Importer: ScriptedImporter/UnityEditor.QuickSearchModule:UnityEditor.Search:ASIAI0B' with importer (ScriptedImporter : UnityEditor.QuickSearchModule:UnityEditor.Search:ASIAI0B)
Imported 'GUID: edb149c5921da492c99baefa5ab36d24' -> (Import Result ID: 'a1bec8b2a33c20d1710191b959b947bc') in 0.032 seconds [static and dynamic dependencies]. Details - ImportResultOutputID=39c0c0e4e289c6ee2f7eb87a10a26a38 DependenciesID=2e77b58a523d51368b37c762bd8e66d0 StaticDependenciesID=9b4fd21561e98f64a6fffc667b8953ff 
Number of updated asset objects reloaded before import = 0
Number of asset objects unloaded after import = 3
========================================================================
Received Import Request.
  Time of request: 2026-09-15T22:26:26.024054Z
  Time since last request: 0.000359416 seconds.
  importAddress: GUID: 9e3bef9aa5a4a493b90e813f24897772 - Path: Assets/sprites/Untitled_Artwork 31.png - Importer: ScriptedImporter/UnityEditor.QuickSearchModule:UnityEditor.Search:ASIAI0B
Importing 'GUID: 9e3bef9aa5a4a493b90e813f24897772 - Path: Assets/sprites/Untitled_Artwork 31.png - Importer: ScriptedImporter/UnityEditor.QuickSearchModule:UnityEditor.Search:ASIAI0B' with importer (ScriptedImporter : UnityEditor.QuickSearchModule:UnityEditor.Search:ASIAI0B)
Imported 'GUID: 9e3bef9aa5a4a493b90e813f24897772' -> (Import Result ID: '105611e4bdefcd96f3d396bd4f4f8bee') in 0.007 seconds [static and dynamic dependencies]. Details - ImportResultOutputID=011d2d5644faa866e6fecfed24c49642 DependenciesID=d08d6c47958c91b2f42cdba5fee0bea0 StaticDependenciesID=fa1d631b798f0f4f5ca094752f3e657e 
Number of updated asset objects reloaded before import = 0
Number of asset objects unloaded after import = 9
========================================================================
Received Import Request.
  Time of request: 2026-09-15T22:26:26.038184Z
  Time since last request: 0.000332958 seconds.
  importAddress: GUID: f5b7b5a68e4df418fa29a2f83b5e28a4 - Path: Assets/Scripts/GameOverManager.cs - Importer: ScriptedImporter/UnityEditor.QuickSearchModule:UnityEditor.Search:ASIAI0B
Importing 'GUID: f5b7b5a68e4df418fa29a2f83b5e28a4 - Path: Assets/Scripts/GameOverManager.cs - Importer: ScriptedImporter/UnityEditor.QuickSearchModule:UnityEditor.Search:ASIAI0B' with importer (ScriptedImporter : UnityEditor.QuickSearchModule:UnityEditor.Search:ASIAI0B)
Imported 'GUID: f5b7b5a68e4df418fa29a2f83b5e28a4' -> (Import Result ID: '04a3bbc8e63fa4277aeb258729794810') in 0.002 seconds [static and dynamic dependencies]. Details - ImportResultOutputID=c46953bfdeaabad39b4cd91c81346193 DependenciesID=611ae8112c6431393ee5acd585c2bb71 StaticDependenciesID=9320be5d6d9966ca95ec9408f1658b54 
Number of updated asset objects reloaded before import = 0
Number of asset objects unloaded after import = 0
========================================================================
Received Import Request.
  Time of request: 2026-09-15T22:26:48.877447Z
  Time since last request: 22.831380958 seconds.
  importAddress: GUID: 9e3bef9aa5a4a493b90e813f24897772 - Path: Assets/sprites/Untitled_Artwork 31.png - Importer: PreviewImporter
Importing 'GUID: 9e3bef9aa5a4a493b90e813f24897772 - Path: Assets/sprites/Untitled_Artwork 31.png - Importer: PreviewImporter' with importer (PreviewImporter)
Imported 'GUID: 9e3bef9aa5a4a493b90e813f24897772' -> (Import Result ID: '5e9be8e450f1921e15842480b15d9e14') in 0.045 seconds [static and dynamic dependencies]. Details - ImportResultOutputID=56106cde7b28b18fa1993791a8fce9d6 DependenciesID=1ac109c402966d0f6ecfa89724df4591 StaticDependenciesID=345c22a886a74140ac0e4c717029ef26 
Number of updated asset objects reloaded before import = 0
Number of asset objects unloaded after import = 9
========================================================================
Received Prepare
AcceleratorClientConnectionCallback - disconnected - :0
WARNING: Shader Unsupported: 'Universal Render Pipeline/VR/SpatialMapping/Wireframe' - All subshaders removed
WARNING: Shader Did you use #pragma only_renderers and omit this platform?
WARNING: Shader If subshaders removal was intentional, you may have forgotten turning Fallback off?
Shader Hidden/ChartRasterizerHardware is not supported: GPU does not support conservative rasterization
Refreshing native plugins compatible for Editor in 7.32 ms, found 3 plugins.
Unloading 78 Unused Serialized files (Serialized files now loaded: 0)
Unloading 79 unused Assets / (5.9 MB). Loaded Objects now: 8013.
Memory consumption went from 181.7 MB to 175.8 MB.
Total: 5.842250 ms (FindLiveObjects: 0.183541 ms CreateObjectMapping: 0.381459 ms MarkObjects: 4.139250 ms  DeleteObjects: 1.137750 ms)

Prepare: number of updated asset objects reloaded= 0
========================================================================
Received Import Request.
  Time of request: 2026-09-15T22:27:20.60975Z
  Time since last request: 31.681244083 seconds.
  importAddress: GUID: 873311391b3a94c998751c6434e55ff8 - Path: Assets/sprites/Shank.png - Importer: PreviewImporter
Importing 'GUID: 873311391b3a94c998751c6434e55ff8 - Path: Assets/sprites/Shank.png - Importer: PreviewImporter' with importer (PreviewImporter)
Imported 'GUID: 873311391b3a94c998751c6434e55ff8' -> (Import Result ID: 'bd4d73302d5d36e6be145d55bf049f36') in 0.008 seconds [static and dynamic dependencies]. Details - ImportResultOutputID=baec2f644714b8c71722367ee748fd58 DependenciesID=2ba361a2fecc9aa11ce782e573151cf2 StaticDependenciesID=2bdfa8d3ee1d3ba15fbc605c5b0e749e 
Number of updated asset objects reloaded before import = 0
Number of asset objects unloaded after import = 3
========================================================================
Received Import Request.
  Time of request: 2026-09-15T22:27:21.555479Z
  Time since last request: 0.93107675 seconds.
  importAddress: GUID: 873311391b3a94c998751c6434e55ff8 - Path: Assets/sprites/Shank.png - Importer: ScriptedImporter/UnityEditor.QuickSearchModule:UnityEditor.Search:ASIAI0B
Importing 'GUID: 873311391b3a94c998751c6434e55ff8 - Path: Assets/sprites/Shank.png - Importer: ScriptedImporter/UnityEditor.QuickSearchModule:UnityEditor.Search:ASIAI0B' with importer (ScriptedImporter : UnityEditor.QuickSearchModule:UnityEditor.Search:ASIAI0B)
Imported 'GUID: 873311391b3a94c998751c6434e55ff8' -> (Import Result ID: '5872603a3769dbc9f2ad2bd31b4c7f37') in 0.003 seconds [static and dynamic dependencies]. Details - ImportResultOutputID=bb78ce8ed7ca9d07a6b3f4aea58d062d DependenciesID=59f9ccb0a870681af95d2312b57cb950 StaticDependenciesID=ab1fdd5984a12092cf2f167ad11c64c3 
Number of updated asset objects reloaded before import = 0
Number of asset objects unloaded after import = 3
========================================================================
Received Import Request.
  Time of request: 2026-09-15T22:27:30.311347Z
  Time since last request: 8.746004 seconds.
  importAddress: GUID: 873311391b3a94c998751c6434e55ff8 - Path: Assets/sprites/Shank.png - Importer: PreviewImporter
Importing 'GUID: 873311391b3a94c998751c6434e55ff8 - Path: Assets/sprites/Shank.png - Importer: PreviewImporter' with importer (PreviewImporter)
Imported 'GUID: 873311391b3a94c998751c6434e55ff8' -> (Import Result ID: '75925568aaf5d969eaf14f923ab8dd4f') in 0.010 seconds [static and dynamic dependencies]. Details - ImportResultOutputID=9fe56ce149b735115ca8e17fad52e893 DependenciesID=39b2a45ac1d3e5a81d012b19b14ae791 StaticDependenciesID=5716fa8ffced703af6f499e5ce4d482e 
Number of updated asset objects reloaded before import = 0
Number of asset objects unloaded after import = 3
========================================================================
Received Import Request.
  Time of request: 2026-09-15T22:27:31.306237Z
  Time since last request: 0.978257292 seconds.
  importAddress: GUID: 873311391b3a94c998751c6434e55ff8 - Path: Assets/sprites/Shank.png - Importer: ScriptedImporter/UnityEditor.QuickSearchModule:UnityEditor.Search:ASIAI0B
Importing 'GUID: 873311391b3a94c998751c6434e55ff8 - Path: Assets/sprites/Shank.png - Importer: ScriptedImporter/UnityEditor.QuickSearchModule:UnityEditor.Search:ASIAI0B' with importer (ScriptedImporter : UnityEditor.QuickSearchModule:UnityEditor.Search:ASIAI0B)
Imported 'GUID: 873311391b3a94c998751c6434e55ff8' -> (Import Result ID: '0c95080d441e6bd67253ab984796d4c5') in 0.004 seconds [static and dynamic dependencies]. Details - ImportResultOutputID=9033dc42869fa231512dc1e8b1388ac9 DependenciesID=6dccab4c140c85ca2d8bf61fa3c3aa47 StaticDependenciesID=dfb8b675548c1c3e9736a394ae5bb6fb 
Number of updated asset objects reloaded before import = 0
Number of asset objects unloaded after import = 3
========================================================================
Received Import Request.
  Time of request: 2026-09-15T22:27:36.451282Z
  Time since last request: 5.133785792 seconds.
  importAddress: GUID: 15d3c315af8faf2498573371308b9d3e - Path: Packages/com.unity.2d.animation/Editor/Assets/EditorIcons/Dark/d_Edit_Joints@4x.png - Importer: PreviewImporter
Importing 'GUID: 15d3c315af8faf2498573371308b9d3e - Path: Packages/com.unity.2d.animation/Editor/Assets/EditorIcons/Dark/d_Edit_Joints@4x.png - Importer: PreviewImporter' with importer (PreviewImporter)
Imported 'GUID: 15d3c315af8faf2498573371308b9d3e' -> (Import Result ID: 'b3367cc2b22282ab14bfaf1c22547275') in 0.011 seconds [static and dynamic dependencies]. Details - ImportResultOutputID=28092f63e2017b278a037c17c57cbe58 DependenciesID=545482e70166318177c19d6ea72a059a StaticDependenciesID=ec9231cc2c886140f4dcb4b60e337ada 
Number of updated asset objects reloaded before import = 0
Number of asset objects unloaded after import = 3
========================================================================
Received Import Request.
  Time of request: 2026-09-15T22:27:36.472928Z
  Time since last request: 0.001962 seconds.
  importAddress: GUID: fda2e829442ad4c0d875a0f52dd3a487 - Path: Packages/com.unity.2d.animation/Editor/Assets/EditorIcons/Dark/d_EditorUI.Filter@2x.png - Importer: PreviewImporter
Importing 'GUID: fda2e829442ad4c0d875a0f52dd3a487 - Path: Packages/com.unity.2d.animation/Editor/Assets/EditorIcons/Dark/d_EditorUI.Filter@2x.png - Importer: PreviewImporter' with importer (PreviewImporter)
Imported 'GUID: fda2e829442ad4c0d875a0f52dd3a487' -> (Import Result ID: 'f953ad82b23fa25c780e0ef7104a72b7') in 0.003 seconds [static and dynamic dependencies]. Details - ImportResultOutputID=b46efe1a4496ef9e8344e1981da8f93d DependenciesID=a0fe984a53c902f4e66b7520b6f2ab7d StaticDependenciesID=98d6c8b22e0fbde245e45732420f4ed5 
Number of updated asset objects reloaded before import = 0
Number of asset objects unloaded after import = 3
========================================================================
Received Import Request.
  Time of request: 2026-09-15T22:27:36.482596Z
  Time since last request: 0.000231459 seconds.
  importAddress: GUID: 334b0c5a2da656f4a9d2fe6b658cfd68 - Path: Packages/com.unity.2d.animation/Editor/Assets/EditorIcons/Dark/d_Edit_Pose@3x.png - Importer: PreviewImporter
Importing 'GUID: 334b0c5a2da656f4a9d2fe6b658cfd68 - Path: Packages/com.unity.2d.animation/Editor/Assets/EditorIcons/Dark/d_Edit_Pose@3x.png - Importer: PreviewImporter' with importer (PreviewImporter)
Imported 'GUID: 334b0c5a2da656f4a9d2fe6b658cfd68' -> (Import Result ID: '4a80c2e68b1b323791470b105e0698f2') in 0.004 seconds [static and dynamic dependencies]. Details - ImportResultOutputID=4f2f159e79068e7755aa264db3013e30 DependenciesID=9e456a4c1b8207decb5ca08a0fc00b7f StaticDependenciesID=9bb2e9674d665aa71425026efa3a2fbc 
Number of updated asset objects reloaded before import = 0
Number of asset objects unloaded after import = 3
========================================================================
Received Import Request.
  Time of request: 2026-09-15T22:27:36.493044Z
  Time since last request: 0.000603708 seconds.
  importAddress: GUID: 24a4dd7831e4a46f593e94273994b42c - Path: Packages/com.unity.2d.tilemap/Editor/Icons/d_EditorUI.Filter@2x.png - Importer: PreviewImporter
Importing 'GUID: 24a4dd7831e4a46f593e94273994b42c - Path: Packages/com.unity.2d.tilemap/Editor/Icons/d_EditorUI.Filter@2x.png - Importer: PreviewImporter' with importer (PreviewImporter)
Imported 'GUID: 24a4dd7831e4a46f593e94273994b42c' -> (Import Result ID: 'd6490e2aa37f3bddb42cb5c373cdee32') in 0.004 seconds [static and dynamic dependencies]. Details - ImportResultOutputID=dda59f2993d0874f5e1f7e509416e835 DependenciesID=6a3a1be23749a82a21664bd96ff3ea04 StaticDependenciesID=a60c4a162c70b6a1b860d7b48414f4ff 
Number of updated asset objects reloaded before import = 0
Number of asset objects unloaded after import = 3
========================================================================
Received Import Request.
  Time of request: 2026-09-15T22:27:39.551857Z
  Time since last request: 3.047881125 seconds.
  importAddress: GUID: cbad8cf3368d64cc98f81fe0b6ce69ff - Path: Assets/Prefabs/Bullet.prefab - Importer: ScriptedImporter/UnityEditor.QuickSearchModule:UnityEditor.Search:ASIAI0B
Importing 'GUID: cbad8cf3368d64cc98f81fe0b6ce69ff - Path: Assets/Prefabs/Bullet.prefab - Importer: ScriptedImporter/UnityEditor.QuickSearchModule:UnityEditor.Search:ASIAI0B' with importer (ScriptedImporter : UnityEditor.QuickSearchModule:UnityEditor.Search:ASIAI0B)
Imported 'GUID: cbad8cf3368d64cc98f81fe0b6ce69ff' -> (Import Result ID: '97fdceb5d7287dbc11d720f0a56f30a2') in 0.018 seconds [static and dynamic dependencies]. Details - ImportResultOutputID=343b3b16fec067fe2664e91c55131394 DependenciesID=75318033cd6136da7f54946e6f27d07e StaticDependenciesID=1f1d19df7642197a6aa20c73e1176435 
Number of updated asset objects reloaded before import = 0
Number of asset objects unloaded after import = 10
========================================================================
Received Import Request.
  Time of request: 2026-09-15T22:27:49.195766Z
  Time since last request: 9.6190965 seconds.
  importAddress: GUID: 873311391b3a94c998751c6434e55ff8 - Path: Assets/sprites/Shank.png - Importer: PreviewImporter
Importing 'GUID: 873311391b3a94c998751c6434e55ff8 - Path: Assets/sprites/Shank.png - Importer: PreviewImporter' with importer (PreviewImporter)
Imported 'GUID: 873311391b3a94c998751c6434e55ff8' -> (Import Result ID: '4bf6bf4a2250369610b9daa42ba2544a') in 0.009 seconds [static and dynamic dependencies]. Details - ImportResultOutputID=f9c4368e050012ebf09ceb42c360b802 DependenciesID=160118ba74d5e4c347753a1bea41101f StaticDependenciesID=f90400c059c6ee279439e69cd809d07d 
Number of updated asset objects reloaded before import = 0
Number of asset objects unloaded after import = 3
========================================================================
Received Import Request.
  Time of request: 2026-09-15T22:27:50.188136Z
  Time since last request: 0.975939125 seconds.
  importAddress: GUID: 873311391b3a94c998751c6434e55ff8 - Path: Assets/sprites/Shank.png - Importer: ScriptedImporter/UnityEditor.QuickSearchModule:UnityEditor.Search:ASIAI0B
Importing 'GUID: 873311391b3a94c998751c6434e55ff8 - Path: Assets/sprites/Shank.png - Importer: ScriptedImporter/UnityEditor.QuickSearchModule:UnityEditor.Search:ASIAI0B' with importer (ScriptedImporter : UnityEditor.QuickSearchModule:UnityEditor.Search:ASIAI0B)
Imported 'GUID: 873311391b3a94c998751c6434e55ff8' -> (Import Result ID: '86c6e2a9b9cd34768fab878e76f87696') in 0.003 seconds [static and dynamic dependencies]. Details - ImportResultOutputID=13b6664ad47762dcd6842a057f8e0427 DependenciesID=384a0d7df41e01bcf06266df625e7adc StaticDependenciesID=e41b0be39758616b23ab31822d92c325 
Number of updated asset objects reloaded before import = 0
Number of asset objects unloaded after import = 3
========================================================================
Received Import Request.
  Time of request: 2026-09-15T22:27:54.902312Z
  Time since last request: 4.704494708 seconds.
  importAddress: GUID: cbad8cf3368d64cc98f81fe0b6ce69ff - Path: Assets/Prefabs/Bullet.prefab - Importer: ScriptedImporter/UnityEditor.QuickSearchModule:UnityEditor.Search:ASIAI0B
Importing 'GUID: cbad8cf3368d64cc98f81fe0b6ce69ff - Path: Assets/Prefabs/Bullet.prefab - Importer: ScriptedImporter/UnityEditor.QuickSearchModule:UnityEditor.Search:ASIAI0B' with importer (ScriptedImporter : UnityEditor.QuickSearchModule:UnityEditor.Search:ASIAI0B)
Imported 'GUID: cbad8cf3368d64cc98f81fe0b6ce69ff' -> (Import Result ID: 'cb9ff46519bbbfe81f1dc7d24ce38915') in 0.003 seconds [static and dynamic dependencies]. Details - ImportResultOutputID=ab72ed5813e751a2817c1bf4036e81d6 DependenciesID=0fcb03d9e6c23496db111b5cf640ecb9 StaticDependenciesID=624f1a454e6ad8237d89260cd6017213 
Number of updated asset objects reloaded before import = 0
Number of asset objects unloaded after import = 10
========================================================================
Received Import Request.
  Time of request: 2026-09-15T22:28:07.710849Z
  Time since last request: 12.797854958 seconds.
  importAddress: GUID: 0ad1569b5a41f403ba6fd3cb413de39c - Path: Assets/Scripts/Bullet.cs - Importer: PreviewImporter
Importing 'GUID: 0ad1569b5a41f403ba6fd3cb413de39c - Path: Assets/Scripts/Bullet.cs - Importer: PreviewImporter' with importer (PreviewImporter)
Imported 'GUID: 0ad1569b5a41f403ba6fd3cb413de39c' -> (Import Result ID: '197a1588cac5a929f1fac1d8af02bcc1') in 0.000 seconds [static and dynamic dependencies]. Details - ImportResultOutputID=6e174c09aa994f1ff254f9c69ab78422 DependenciesID=2c9c662c17eea8af7d022f3053a86189 StaticDependenciesID=090b06fd39944c25d7af608f7f9ade8d 
Number of updated asset objects reloaded before import = 0
Number of asset objects unloaded after import = 0
========================================================================
Received Import Request.
  Time of request: 2026-09-15T22:28:31.69068Z
  Time since last request: 23.973130542 seconds.
  importAddress: GUID: cbad8cf3368d64cc98f81fe0b6ce69ff - Path: Assets/Prefabs/Bullet.prefab - Importer: ScriptedImporter/UnityEditor.QuickSearchModule:UnityEditor.Search:ASIAI0B
Importing 'GUID: cbad8cf3368d64cc98f81fe0b6ce69ff - Path: Assets/Prefabs/Bullet.prefab - Importer: ScriptedImporter/UnityEditor.QuickSearchModule:UnityEditor.Search:ASIAI0B' with importer (ScriptedImporter : UnityEditor.QuickSearchModule:UnityEditor.Search:ASIAI0B)
Imported 'GUID: cbad8cf3368d64cc98f81fe0b6ce69ff' -> (Import Result ID: '8d78861831494007d620e241e5abe22b') in 0.003 seconds [static and dynamic dependencies]. Details - ImportResultOutputID=987f4f9694f85a6d2439c0c50b7f25bd DependenciesID=f7eebcce62178d39793387341af681f7 StaticDependenciesID=5eceaa0c252eb37be56409c415152138 
Number of updated asset objects reloaded before import = 0
Number of asset objects unloaded after import = 9
========================================================================
Received Import Request.
  Time of request: 2026-09-15T22:28:34.50756Z
  Time since last request: 2.806809542 seconds.
  importAddress: GUID: cbad8cf3368d64cc98f81fe0b6ce69ff - Path: Assets/Prefabs/Bullet.prefab - Importer: ScriptedImporter/UnityEditor.QuickSearchModule:UnityEditor.Search:ASIAI0B
Importing 'GUID: cbad8cf3368d64cc98f81fe0b6ce69ff - Path: Assets/Prefabs/Bullet.prefab - Importer: ScriptedImporter/UnityEditor.QuickSearchModule:UnityEditor.Search:ASIAI0B' with importer (ScriptedImporter : UnityEditor.QuickSearchModule:UnityEditor.Search:ASIAI0B)
Imported 'GUID: cbad8cf3368d64cc98f81fe0b6ce69ff' -> (Import Result ID: 'cd836dce12e25085e762a445bc5c0857') in 0.004 seconds [static and dynamic dependencies]. Details - ImportResultOutputID=c76df288101795f79844742b1753c5fe DependenciesID=157cef13141b8d8da878512166d0d4bf StaticDependenciesID=61108f6758caa361bdbba09a1e9a6d03 
Number of updated asset objects reloaded before import = 0
Number of asset objects unloaded after import = 10
========================================================================
Received Import Request.
  Time of request: 2026-09-15T22:28:38.362444Z
  Time since last request: 3.844122125 seconds.
  importAddress: GUID: cbad8cf3368d64cc98f81fe0b6ce69ff - Path: Assets/Prefabs/Bullet.prefab - Importer: ScriptedImporter/UnityEditor.QuickSearchModule:UnityEditor.Search:ASIAI0B
Importing 'GUID: cbad8cf3368d64cc98f81fe0b6ce69ff - Path: Assets/Prefabs/Bullet.prefab - Importer: ScriptedImporter/UnityEditor.QuickSearchModule:UnityEditor.Search:ASIAI0B' with importer (ScriptedImporter : UnityEditor.QuickSearchModule:UnityEditor.Search:ASIAI0B)
Imported 'GUID: cbad8cf3368d64cc98f81fe0b6ce69ff' -> (Import Result ID: '703305e71782f8b409b79a130973a6b6') in 0.003 seconds [static and dynamic dependencies]. Details - ImportResultOutputID=aaa6b20c3ad8f1febc367c0cfd7112e6 DependenciesID=dfc91170cc4bdbec200ff5ba38290fce StaticDependenciesID=238eda03eeb82eb7bfc2c2ae08ad7d17 
Number of updated asset objects reloaded before import = 0
Number of asset objects unloaded after import = 10
========================================================================
Received Import Request.
  Time of request: 2026-09-15T22:28:41.80904Z
  Time since last request: 3.436794459 seconds.
  importAddress: GUID: cbad8cf3368d64cc98f81fe0b6ce69ff - Path: Assets/Prefabs/Bullet.prefab - Importer: ScriptedImporter/UnityEditor.QuickSearchModule:UnityEditor.Search:ASIAI0B
Importing 'GUID: cbad8cf3368d64cc98f81fe0b6ce69ff - Path: Assets/Prefabs/Bullet.prefab - Importer: ScriptedImporter/UnityEditor.QuickSearchModule:UnityEditor.Search:ASIAI0B' with importer (ScriptedImporter : UnityEditor.QuickSearchModule:UnityEditor.Search:ASIAI0B)
Imported 'GUID: cbad8cf3368d64cc98f81fe0b6ce69ff' -> (Import Result ID: '08d827c7db1e9b27655dc2330457d740') in 0.004 seconds [static and dynamic dependencies]. Details - ImportResultOutputID=821aeb2f67abec0daa5a06483a507b9e DependenciesID=c04ecf190224d81554fc578f6ec9b58f StaticDependenciesID=0b0872ff4b7f782e1160c73db3e78e53 
Number of updated asset objects reloaded before import = 0
Number of asset objects unloaded after import = 10
========================================================================
Received Import Request.
  Time of request: 2026-09-15T22:28:43.840551Z
  Time since last request: 2.020505834 seconds.
  importAddress: GUID: cbad8cf3368d64cc98f81fe0b6ce69ff - Path: Assets/Prefabs/Bullet.prefab - Importer: ScriptedImporter/UnityEditor.QuickSearchModule:UnityEditor.Search:ASIAI0B
Importing 'GUID: cbad8cf3368d64cc98f81fe0b6ce69ff - Path: Assets/Prefabs/Bullet.prefab - Importer: ScriptedImporter/UnityEditor.QuickSearchModule:UnityEditor.Search:ASIAI0B' with importer (ScriptedImporter : UnityEditor.QuickSearchModule:UnityEditor.Search:ASIAI0B)
Imported 'GUID: cbad8cf3368d64cc98f81fe0b6ce69ff' -> (Import Result ID: 'be641b683b2b3edab7e3670a9e2dda00') in 0.003 seconds [static and dynamic dependencies]. Details - ImportResultOutputID=312083acf49d8e1a47dd22c31b400e6a DependenciesID=8f143f7c44a8fb409ee1bfb0221d9ade StaticDependenciesID=0c06f03702638cc5fe9a2963ac78d3af 
Number of updated asset objects reloaded before import = 0
Number of asset objects unloaded after import = 10
========================================================================
Received Import Request.
  Time of request: 2026-09-15T22:28:45.46521Z
  Time since last request: 1.614492334 seconds.
  importAddress: GUID: cbad8cf3368d64cc98f81fe0b6ce69ff - Path: Assets/Prefabs/Bullet.prefab - Importer: ScriptedImporter/UnityEditor.QuickSearchModule:UnityEditor.Search:ASIAI0B
Importing 'GUID: cbad8cf3368d64cc98f81fe0b6ce69ff - Path: Assets/Prefabs/Bullet.prefab - Importer: ScriptedImporter/UnityEditor.QuickSearchModule:UnityEditor.Search:ASIAI0B' with importer (ScriptedImporter : UnityEditor.QuickSearchModule:UnityEditor.Search:ASIAI0B)
Imported 'GUID: cbad8cf3368d64cc98f81fe0b6ce69ff' -> (Import Result ID: '3ae74dc8b57a26f677764f1fe5723c99') in 0.003 seconds [static and dynamic dependencies]. Details - ImportResultOutputID=136588a8767324fbf01580ac79217a5e DependenciesID=fa86878765b3002d5ae61a008dc1402c StaticDependenciesID=69ae65856473fda5976789f07ab80b76 
Number of updated asset objects reloaded before import = 0
Number of asset objects unloaded after import = 10
========================================================================
Received Import Request.
  Time of request: 2026-09-15T22:28:47.080066Z
  Time since last request: 1.604714042 seconds.
  importAddress: GUID: cbad8cf3368d64cc98f81fe0b6ce69ff - Path: Assets/Prefabs/Bullet.prefab - Importer: ScriptedImporter/UnityEditor.QuickSearchModule:UnityEditor.Search:ASIAI0B
Importing 'GUID: cbad8cf3368d64cc98f81fe0b6ce69ff - Path: Assets/Prefabs/Bullet.prefab - Importer: ScriptedImporter/UnityEditor.QuickSearchModule:UnityEditor.Search:ASIAI0B' with importer (ScriptedImporter : UnityEditor.QuickSearchModule:UnityEditor.Search:ASIAI0B)
Imported 'GUID: cbad8cf3368d64cc98f81fe0b6ce69ff' -> (Import Result ID: '0315ecebcaa77132ec1b3f35ac7b9133') in 0.004 seconds [static and dynamic dependencies]. Details - ImportResultOutputID=c667c364e3fc13a0ee9e6edd0bc15aa9 DependenciesID=404a0663c5fe7035e96130bdba8218c7 StaticDependenciesID=0305846f23d5837390c967e0add65b7d 
Number of updated asset objects reloaded before import = 0
Number of asset objects unloaded after import = 10
========================================================================
Received Import Request.
  Time of request: 2026-09-15T22:28:48.697238Z
  Time since last request: 1.60634425 seconds.
  importAddress: GUID: cbad8cf3368d64cc98f81fe0b6ce69ff - Path: Assets/Prefabs/Bullet.prefab - Importer: ScriptedImporter/UnityEditor.QuickSearchModule:UnityEditor.Search:ASIAI0B
Importing 'GUID: cbad8cf3368d64cc98f81fe0b6ce69ff - Path: Assets/Prefabs/Bullet.prefab - Importer: ScriptedImporter/UnityEditor.QuickSearchModule:UnityEditor.Search:ASIAI0B' with importer (ScriptedImporter : UnityEditor.QuickSearchModule:UnityEditor.Search:ASIAI0B)
Imported 'GUID: cbad8cf3368d64cc98f81fe0b6ce69ff' -> (Import Result ID: '609932762eb93e8a10af8061af4b4626') in 0.003 seconds [static and dynamic dependencies]. Details - ImportResultOutputID=29319c854a89c7116ca362590899663d DependenciesID=f1b6178ae443a967351344844051f480 StaticDependenciesID=78fe24ef2ba279de68257f1154237ccd 
Number of updated asset objects reloaded before import = 0
Number of asset objects unloaded after import = 10
========================================================================
Received Import Request.
  Time of request: 2026-09-15T22:28:50.519243Z
  Time since last request: 1.812000291 seconds.
  importAddress: GUID: cbad8cf3368d64cc98f81fe0b6ce69ff - Path: Assets/Prefabs/Bullet.prefab - Importer: ScriptedImporter/UnityEditor.QuickSearchModule:UnityEditor.Search:ASIAI0B
Importing 'GUID: cbad8cf3368d64cc98f81fe0b6ce69ff - Path: Assets/Prefabs/Bullet.prefab - Importer: ScriptedImporter/UnityEditor.QuickSearchModule:UnityEditor.Search:ASIAI0B' with importer (ScriptedImporter : UnityEditor.QuickSearchModule:UnityEditor.Search:ASIAI0B)
Imported 'GUID: cbad8cf3368d64cc98f81fe0b6ce69ff' -> (Import Result ID: '85dd0ef3842116ffac5cc8e2edfec665') in 0.003 seconds [static and dynamic dependencies]. Details - ImportResultOutputID=5fe5b8f29729c0b09bcb0b72eeee564d DependenciesID=8d5415fbd5ef6f26b2eb1ed63ffac2b2 StaticDependenciesID=91c84e87b0d363ed08e8b96420daf884 
Number of updated asset objects reloaded before import = 0
Number of asset objects unloaded after import = 10
========================================================================
Received Import Request.
  Time of request: 2026-09-15T22:28:53.764624Z
  Time since last request: 3.235177875 seconds.
  importAddress: GUID: cbad8cf3368d64cc98f81fe0b6ce69ff - Path: Assets/Prefabs/Bullet.prefab - Importer: ScriptedImporter/UnityEditor.QuickSearchModule:UnityEditor.Search:ASIAI0B
Importing 'GUID: cbad8cf3368d64cc98f81fe0b6ce69ff - Path: Assets/Prefabs/Bullet.prefab - Importer: ScriptedImporter/UnityEditor.QuickSearchModule:UnityEditor.Search:ASIAI0B' with importer (ScriptedImporter : UnityEditor.QuickSearchModule:UnityEditor.Search:ASIAI0B)
Imported 'GUID: cbad8cf3368d64cc98f81fe0b6ce69ff' -> (Import Result ID: 'e8657131dd646298637e9ce21cf01b4f') in 0.003 seconds [static and dynamic dependencies]. Details - ImportResultOutputID=eb2a9aed1938adb0e0416f22e30a4cae DependenciesID=0f48a0edf111cfe071fc52d51a3c0e7c StaticDependenciesID=12ad1ef74e40056881f35bcc4cf2f734 
Number of updated asset objects reloaded before import = 0
Number of asset objects unloaded after import = 10
========================================================================
Received Import Request.
  Time of request: 2026-09-15T22:29:06.315267Z
  Time since last request: 12.540899292 seconds.
  importAddress: GUID: cbad8cf3368d64cc98f81fe0b6ce69ff - Path: Assets/Prefabs/Bullet.prefab - Importer: ScriptedImporter/UnityEditor.QuickSearchModule:UnityEditor.Search:ASIAI0B
Importing 'GUID: cbad8cf3368d64cc98f81fe0b6ce69ff - Path: Assets/Prefabs/Bullet.prefab - Importer: ScriptedImporter/UnityEditor.QuickSearchModule:UnityEditor.Search:ASIAI0B' with importer (ScriptedImporter : UnityEditor.QuickSearchModule:UnityEditor.Search:ASIAI0B)
Imported 'GUID: cbad8cf3368d64cc98f81fe0b6ce69ff' -> (Import Result ID: '3f40b37eba1615291bb7d6a26a8cb264') in 0.003 seconds [static and dynamic dependencies]. Details - ImportResultOutputID=4c282b0ccdcfa61fe33cfb80487af16d DependenciesID=2f273342c71b01d32e8c47b6918b34f6 StaticDependenciesID=357880d672772f05dd2e0c5605877801 
Number of updated asset objects reloaded before import = 0
Number of asset objects unloaded after import = 10
========================================================================
Received Import Request.
  Time of request: 2026-09-15T22:29:08.442309Z
  Time since last request: 2.116963875 seconds.
  importAddress: GUID: cbad8cf3368d64cc98f81fe0b6ce69ff - Path: Assets/Prefabs/Bullet.prefab - Importer: ScriptedImporter/UnityEditor.QuickSearchModule:UnityEditor.Search:ASIAI0B
Importing 'GUID: cbad8cf3368d64cc98f81fe0b6ce69ff - Path: Assets/Prefabs/Bullet.prefab - Importer: ScriptedImporter/UnityEditor.QuickSearchModule:UnityEditor.Search:ASIAI0B' with importer (ScriptedImporter : UnityEditor.QuickSearchModule:UnityEditor.Search:ASIAI0B)
Imported 'GUID: cbad8cf3368d64cc98f81fe0b6ce69ff' -> (Import Result ID: 'a137d306a3c3429e9099cae9fe030e2d') in 0.006 seconds [static and dynamic dependencies]. Details - ImportResultOutputID=a6c71b48da2c778671ddfe82a9540d9e DependenciesID=85f778ba77c110c3d49f870bb3372190 StaticDependenciesID=fd02c26b6fb02456595725e8eeb3d104 
Number of updated asset objects reloaded before import = 0
Number of asset objects unloaded after import = 10
