Unity Editor version:    6000.5.1f1 (0d9463e84828)
Branch:                  6000.5/staging
Build type:              Release
Batch mode:              NO
macOS version:           Version 15.6 (Build 24G84)
Darwin version:          24.6.0
Architecture:            arm64
Running under Rosetta:   NO
Available memory:        49152 MB
Date:                    2026-09-15T22:26:15Z
[Licensing::Module] Trying to connect to existing licensing client channel...
[Licensing::IpcConnector] Successfully connected to: "LicenseClient-maxallison" at "2026-09-15T22:26:15.973252Z"

COMMAND LINE ARGUMENTS:
/Applications/Unity/Hub/Editor/6000.5.1f1/Unity.app/Contents/MacOS/Unity
-projectpath
/Users/maxallison/Documents/GitHub/tac-380-Prototype-2
-acceptSoftwareTermsForThisRunOnly
-useHub
-hubIPC
-cloudEnvironment
production
-licensingIpc
LicenseClient-maxallison
-hubSessionId
ea5c476d-bfe1-4c05-9eb9-d2b20d0ef4a8
-accessToken
hF_tbcvSAQ23CUqaLuMMw2eTTIQ6X3qWfdENoasUpK0001f
Successfully changed project path to: /Users/maxallison/Documents/GitHub/tac-380-Prototype-2
/Users/maxallison/Documents/GitHub/tac-380-Prototype-2
[UnityMemory] Configuration Parameters - Can be set up in boot.config
    "memorysetup-temp-allocator-size-gi-baking-worker=262144"
    "memorysetup-temp-allocator-size-gi-baking-worker=262144"
    "memorysetup-temp-allocator-size-gi-baking-worker=262144"
    "memorysetup-temp-allocator-size-gi-baking-worker=262144"
    "memorysetup-temp-allocator-size-gi-baking-worker=262144"
    "memorysetup-temp-allocator-size-nav-mesh-worker=65536"
    "memorysetup-temp-allocator-size-audio-worker=65536"
    "memorysetup-temp-allocator-size-cloud-worker=32768"
    "memorysetup-allocator-temp-initial-block-size-main=262144"
    "memorysetup-allocator-temp-initial-block-size-worker=262144"
    "memorysetup-temp-allocator-size-preload-manager=33554432"
    "memorysetup-temp-allocator-size-gfx=262144"
    "memorysetup-temp-allocator-size-background-worker=32768"
    "memorysetup-temp-allocator-size-job-worker=262144"
    "memorysetup-bucket-allocator-granularity=16"
    "memorysetup-bucket-allocator-bucket-count=8"
    "memorysetup-bucket-allocator-block-size=33554432"
    "memorysetup-bucket-allocator-block-count=8"
    "memorysetup-main-allocator-block-size=16777216"
    "memorysetup-thread-allocator-block-size=16777216"
    "memorysetup-main-allocator-mimalloc-enabled=0"
    "memorysetup-gfx-main-allocator-block-size=16777216"
    "memorysetup-gfx-thread-allocator-block-size=16777216"
    "memorysetup-cache-allocator-block-size=4194304"
    "memorysetup-typetree-allocator-block-size=2097152"
    "memorysetup-profiler-bucket-allocator-granularity=16"
    "memorysetup-profiler-bucket-allocator-bucket-count=8"
    "memorysetup-profiler-bucket-allocator-block-size=33554432"
    "memorysetup-profiler-bucket-allocator-block-count=8"
    "memorysetup-profiler-allocator-block-size=16777216"
    "memorysetup-profiler-editor-allocator-block-size=1048576"
    "memorysetup-temp-allocator-size-main=16777216"
    "memorysetup-job-temp-allocator-block-size=2097152"
    "memorysetup-job-temp-allocator-block-size-background=1048576"
    "memorysetup-job-temp-allocator-reduction-small-platforms=262144"
[Licensing::Client] Handshaking with LicensingClient:
  Version:                 1.18.3+d7ffd15
  Session Id:              54cd41717f38425392048768f379e9f9
  Correlation Id:          19b9ce57cee4f1cc9790e9b59c92efb1
  External correlation Id: 8455906815661632929
  Machine Id:              5PZ6Do2HgZJx38Om1NtxKwF/mIA=
[Licensing::Module] Successfully connected to LicensingClient on channel: "LicenseClient-maxallison" (connect: 0.00s, validation: 0.00s, handshake: 0.22s)
[Licensing::IpcConnector] Successfully connected to: "LicenseClient-maxallison-notifications" at "2026-09-15T22:26:16.194437Z"
[Licensing::Client] Successfully updated the access token
[Licensing::Module] Successfully updated the access token hF_tbcvSAQ...
[Licensing::Client] Successfully resolved entitlement details
[Licensing::Module] License group:
  Id: 1374419531212-UnityPersXXXX
  Product: Unity Personal
  Type: Assigned
  Expiration: Unlimited
[Licensing::Client] Successfully updated license, isAsync: True, time: 0.00
[Licensing::Client] Successfully resolved entitlement details
[Licensing::Module] Licensing Background thread has ended after 0.22s
Player connection [8533532864]  Target information:

Player connection [8533532864]  * "[IP] 10.23.206.191 [Port] 55504 [Flags] 2 [Guid] 418835800 [EditorId] 418835800 [Version] 1048832 [Id] OSXEditor(0,Maxs-MacBook-Pro.local) [Debug] 1 [PackageName] OSXEditor [ProjectName] Editor" 

Player connection [8533532864] Host joined multi-casting on [225.0.0.222:54997]...
Player connection [8533532864] Host joined alternative multi-casting on [225.0.0.222:34997]...
Input System module state changed to: Initialized.
[Physics::Module] Initialized fallback backend.
[Physics::Module] Id: 0xdecafbad
[Package Manager] Connected to IPC stream "Upm-21390" after 0.1 seconds.
[Licensing::Client] Successfully resolved entitlement details
Library Redirect Path: Library/
[Physics::Module] Selected backend.
[Physics::Module] Name: PhysX
[Physics::Module] Id: 0xf2b8ea05
[Physics::Module] SDK Version: 4.1.2
[Physics::Module] Integration Version: 1.0.0
[Physics::Module] Threading Mode: Multi-Threaded
Artifact Garbage Collection - Removed 1 unused hashed content files
Initialize engine version: 6000.5.1f1 (0d9463e84828)
[Subsystems] Discovering subsystems at path /Applications/Unity/Hub/Editor/6000.5.1f1/Unity.app/Contents/Resources/UnitySubsystems
[Subsystems] Discovering subsystems at path /Users/maxallison/Documents/GitHub/tac-380-Prototype-2/Assets
GfxDevice: creating device client; kGfxThreadingModeThreaded
 preferred device: Apple M4 Pro (high power)
Metal devices available: 1
0: Apple M4 Pro (high power)
Using device Apple M4 Pro (high power)
Initializing Metal device caps: Apple M4 Pro
Mac GPU Family: 2
Apple GPU Family: 9
MSL Version: 3.0
Has Float MSAA: 1
Has Float Filtering: 1
ReadWrite Texture Tier: 2
Initialize mono
Mono path[0] = '/Applications/Unity/Hub/Editor/6000.5.1f1/Unity.app/Contents/Resources/Scripting/Managed'
Mono path[1] = '/Applications/Unity/Hub/Editor/6000.5.1f1/Unity.app/Contents/Resources/Scripting/BCLExtensions/runtime/netstandard2.1'
Mono path[2] = '/Applications/Unity/Hub/Editor/6000.5.1f1/Unity.app/Contents/Resources/Scripting/MonoBleedingEdge/lib/mono/unityjit-macos'
Mono config path = '/Applications/Unity/Hub/Editor/6000.5.1f1/Unity.app/Contents/Resources/Scripting/MonoBleedingEdge/etc'
Using monoOptions --debugger-agent=transport=dt_socket,embedding=1,server=y,suspend=n,address=127.0.0.1:56390
CodeReloadManager initialized
ImportWorker Server TCP listen port: 0
AcceleratorClientConnectionCallback - disconnected - :0
Begin MonoManager ReloadAssembly
Registering precompiled unity dll's ...
Register platform support module: /Applications/Unity/Hub/Editor/6000.5.1f1/PlaybackEngines/MacStandaloneSupport/UnityEditor.OSXStandalone.Extensions.dll
Registered in 0.000951 seconds.
Native extension for OSXStandalone target not found
Package Manager log level set to [2]
ScheduleIndexationOnStartup MainProcess:False IndexOnStartup:True
Mono: successfully reloaded assembly
- Finished resetting the current domain, in  0.235 seconds
Domain Reload Profiling: 545ms
	BeginReloadAssembly (93ms)
		CreateAndSetChildDomain (22ms)
	RebuildCommonClasses (3ms)
	RebuildNativeTypeToScriptingClass (12ms)
	initialDomainReloadingComplete (32ms)
	LoadAllAssembliesAndSetupDomain (170ms)
		LoadAssemblies (71ms)
		AnalyzeDomain (129ms)
			TypeCache.Refresh (128ms)
				TypeCache.ScanAssembly (115ms)
	FinalizeReload (236ms)
		SetupLoadedEditorAssemblies (0ms)
			BeforeProcessingInitializeOnLoad (46ms)
			ProcessInitializeOnLoadAttributes (53ms)
			ProcessInitializeOnLoadMethodAttributes (94ms)
[Licensing::Client] Successfully resolved entitlement details
Application.AssetDatabase Initial Refresh Start
[Package Manager] Restoring resolved packages state from cache
[Licensing::Client] Successfully resolved entitlement details
[Package Manager] Registered 65 packages:
  Packages from [https://packages.unity.com]:
    com.unity.2d.animation@15.1.0 (location: /Users/maxallison/Documents/GitHub/tac-380-Prototype-2/Library/PackageCache/com.unity.2d.animation@6d5a363ae647)
    com.unity.2d.aseprite@5.0.3 (location: /Users/maxallison/Documents/GitHub/tac-380-Prototype-2/Library/PackageCache/com.unity.2d.aseprite@d13865913efa)
    com.unity.2d.psdimporter@14.0.3 (location: /Users/maxallison/Documents/GitHub/tac-380-Prototype-2/Library/PackageCache/com.unity.2d.psdimporter@5d82044f9e43)
    com.unity.2d.spriteshape@15.0.3 (location: /Users/maxallison/Documents/GitHub/tac-380-Prototype-2/Library/PackageCache/com.unity.2d.spriteshape@fcb7ec61a58b)
    com.unity.2d.tilemap.extras@8.0.3 (location: /Users/maxallison/Documents/GitHub/tac-380-Prototype-2/Library/PackageCache/com.unity.2d.tilemap.extras@a80140457adc)
    com.unity.2d.tooling@3.0.1 (location: /Users/maxallison/Documents/GitHub/tac-380-Prototype-2/Library/PackageCache/com.unity.2d.tooling@6f06ffb033c0)
    com.unity.collab-proxy@2.12.4 (location: /Users/maxallison/Documents/GitHub/tac-380-Prototype-2/Library/PackageCache/com.unity.collab-proxy@0b1559bcd34e)
    com.unity.ide.rider@3.0.38 (location: /Users/maxallison/Documents/GitHub/tac-380-Prototype-2/Library/PackageCache/com.unity.ide.rider@1f60b3138684)
    com.unity.ide.visualstudio@2.0.26 (location: /Users/maxallison/Documents/GitHub/tac-380-Prototype-2/Library/PackageCache/com.unity.ide.visualstudio@a99d56dec63f)
    com.unity.inputsystem@1.19.0 (location: /Users/maxallison/Documents/GitHub/tac-380-Prototype-2/Library/PackageCache/com.unity.inputsystem@21a28c3a6c83)
    com.unity.timeline@1.8.12 (location: /Users/maxallison/Documents/GitHub/tac-380-Prototype-2/Library/PackageCache/com.unity.timeline@8cd8509afae5)
    com.unity.visualscripting@1.9.11 (location: /Users/maxallison/Documents/GitHub/tac-380-Prototype-2/Library/PackageCache/com.unity.visualscripting@8bed5ad90189)
    com.unity.2d.common@14.0.1 (location: /Users/maxallison/Documents/GitHub/tac-380-Prototype-2/Library/PackageCache/com.unity.2d.common@73badf92ba8b)
    com.unity.searcher@4.9.4 (location: /Users/maxallison/Documents/GitHub/tac-380-Prototype-2/Library/PackageCache/com.unity.searcher@d45a78918735)
    com.unity.burst@1.8.29 (location: /Users/maxallison/Documents/GitHub/tac-380-Prototype-2/Library/PackageCache/com.unity.burst@6bb9aca3ef38)
    com.unity.nuget.mono-cecil@1.11.6 (location: /Users/maxallison/Documents/GitHub/tac-380-Prototype-2/Library/PackageCache/com.unity.nuget.mono-cecil@ecb9724e46ff)
    com.unity.test-framework.performance@3.5.0 (location: /Users/maxallison/Documents/GitHub/tac-380-Prototype-2/Library/PackageCache/com.unity.test-framework.performance@8b56083ec0f0)
  Built-in packages:
    com.unity.2d.sprite@1.0.0 (location: /Users/maxallison/Documents/GitHub/tac-380-Prototype-2/Library/PackageCache/com.unity.2d.sprite@053a968eab56)
    com.unity.2d.tilemap@1.0.0 (location: /Users/maxallison/Documents/GitHub/tac-380-Prototype-2/Library/PackageCache/com.unity.2d.tilemap@be0bacb99591)
    com.unity.multiplayer.center@1.0.1 (location: /Users/maxallison/Documents/GitHub/tac-380-Prototype-2/Library/PackageCache/com.unity.multiplayer.center@b860850997d0)
    com.unity.render-pipelines.universal@17.5.0 (location: /Users/maxallison/Documents/GitHub/tac-380-Prototype-2/Library/PackageCache/com.unity.render-pipelines.universal@be00b5bbd9a1)
    com.unity.test-framework@1.7.0 (location: /Users/maxallison/Documents/GitHub/tac-380-Prototype-2/Library/PackageCache/com.unity.test-framework@f3e6c9a02477)
    com.unity.ugui@2.5.0 (location: /Users/maxallison/Documents/GitHub/tac-380-Prototype-2/Library/PackageCache/com.unity.ugui@4f9b15fd1386)
    com.unity.modules.accessibility@1.0.0 (location: /Users/maxallison/Documents/GitHub/tac-380-Prototype-2/Library/PackageCache/com.unity.modules.accessibility)
    com.unity.modules.adaptiveperformance@1.0.0 (location: /Users/maxallison/Documents/GitHub/tac-380-Prototype-2/Library/PackageCache/com.unity.modules.adaptiveperformance)
    com.unity.modules.ai@1.0.0 (location: /Users/maxallison/Documents/GitHub/tac-380-Prototype-2/Library/PackageCache/com.unity.modules.ai)
    com.unity.modules.androidjni@1.0.0 (location: /Users/maxallison/Documents/GitHub/tac-380-Prototype-2/Library/PackageCache/com.unity.modules.androidjni)
    com.unity.modules.animation@1.0.0 (location: /Users/maxallison/Documents/GitHub/tac-380-Prototype-2/Library/PackageCache/com.unity.modules.animation)
    com.unity.modules.assetbundle@1.0.0 (location: /Users/maxallison/Documents/GitHub/tac-380-Prototype-2/Library/PackageCache/com.unity.modules.assetbundle)
    com.unity.modules.audio@1.0.0 (location: /Users/maxallison/Documents/GitHub/tac-380-Prototype-2/Library/PackageCache/com.unity.modules.audio)
    com.unity.modules.cloth@1.0.0 (location: /Users/maxallison/Documents/GitHub/tac-380-Prototype-2/Library/PackageCache/com.unity.modules.cloth)
    com.unity.modules.director@1.0.0 (location: /Users/maxallison/Documents/GitHub/tac-380-Prototype-2/Library/PackageCache/com.unity.modules.director)
    com.unity.modules.imageconversion@1.0.0 (location: /Users/maxallison/Documents/GitHub/tac-380-Prototype-2/Library/PackageCache/com.unity.modules.imageconversion)
    com.unity.modules.imgui@1.0.0 (location: /Users/maxallison/Documents/GitHub/tac-380-Prototype-2/Library/PackageCache/com.unity.modules.imgui)
    com.unity.modules.jsonserialize@1.0.0 (location: /Users/maxallison/Documents/GitHub/tac-380-Prototype-2/Library/PackageCache/com.unity.modules.jsonserialize)
    com.unity.modules.particlesystem@1.0.0 (location: /Users/maxallison/Documents/GitHub/tac-380-Prototype-2/Library/PackageCache/com.unity.modules.particlesystem)
    com.unity.modules.physics@1.0.0 (location: /Users/maxallison/Documents/GitHub/tac-380-Prototype-2/Library/PackageCache/com.unity.modules.physics)
    com.unity.modules.physics2d@1.0.0 (location: /Users/maxallison/Documents/GitHub/tac-380-Prototype-2/Library/PackageCache/com.unity.modules.physics2d)
    com.unity.modules.physicscore2d@1.0.0 (location: /Users/maxallison/Documents/GitHub/tac-380-Prototype-2/Library/PackageCache/com.unity.modules.physicscore2d)
    com.unity.modules.screencapture@1.0.0 (location: /Users/maxallison/Documents/GitHub/tac-380-Prototype-2/Library/PackageCache/com.unity.modules.screencapture)
    com.unity.modules.terrain@1.0.0 (location: /Users/maxallison/Documents/GitHub/tac-380-Prototype-2/Library/PackageCache/com.unity.modules.terrain)
    com.unity.modules.terrainphysics@1.0.0 (location: /Users/maxallison/Documents/GitHub/tac-380-Prototype-2/Library/PackageCache/com.unity.modules.terrainphysics)
    com.unity.modules.tilemap@1.0.0 (location: /Users/maxallison/Documents/GitHub/tac-380-Prototype-2/Library/PackageCache/com.unity.modules.tilemap)
    com.unity.modules.ui@1.0.0 (location: /Users/maxallison/Documents/GitHub/tac-380-Prototype-2/Library/PackageCache/com.unity.modules.ui)
    com.unity.modules.uielements@1.0.0 (location: /Users/maxallison/Documents/GitHub/tac-380-Prototype-2/Library/PackageCache/com.unity.modules.uielements)
    com.unity.modules.umbra@1.0.0 (location: /Users/maxallison/Documents/GitHub/tac-380-Prototype-2/Library/PackageCache/com.unity.modules.umbra)
    com.unity.modules.unityanalytics@1.0.0 (location: /Users/maxallison/Documents/GitHub/tac-380-Prototype-2/Library/PackageCache/com.unity.modules.unityanalytics)
    com.unity.modules.unitywebrequest@1.0.0 (location: /Users/maxallison/Documents/GitHub/tac-380-Prototype-2/Library/PackageCache/com.unity.modules.unitywebrequest)
    com.unity.modules.unitywebrequestassetbundle@1.0.0 (location: /Users/maxallison/Documents/GitHub/tac-380-Prototype-2/Library/PackageCache/com.unity.modules.unitywebrequestassetbundle)
    com.unity.modules.unitywebrequestaudio@1.0.0 (location: /Users/maxallison/Documents/GitHub/tac-380-Prototype-2/Library/PackageCache/com.unity.modules.unitywebrequestaudio)
    com.unity.modules.unitywebrequesttexture@1.0.0 (location: /Users/maxallison/Documents/GitHub/tac-380-Prototype-2/Library/PackageCache/com.unity.modules.unitywebrequesttexture)
    com.unity.modules.unitywebrequestwww@1.0.0 (location: /Users/maxallison/Documents/GitHub/tac-380-Prototype-2/Library/PackageCache/com.unity.modules.unitywebrequestwww)
    com.unity.modules.vectorgraphics@1.0.0 (location: /Users/maxallison/Documents/GitHub/tac-380-Prototype-2/Library/PackageCache/com.unity.modules.vectorgraphics)
    com.unity.modules.vehicles@1.0.0 (location: /Users/maxallison/Documents/GitHub/tac-380-Prototype-2/Library/PackageCache/com.unity.modules.vehicles)
    com.unity.modules.video@1.0.0 (location: /Users/maxallison/Documents/GitHub/tac-380-Prototype-2/Library/PackageCache/com.unity.modules.video)
    com.unity.modules.wind@1.0.0 (location: /Users/maxallison/Documents/GitHub/tac-380-Prototype-2/Library/PackageCache/com.unity.modules.wind)
    com.unity.modules.xr@1.0.0 (location: /Users/maxallison/Documents/GitHub/tac-380-Prototype-2/Library/PackageCache/com.unity.modules.xr)
    com.unity.modules.subsystems@1.0.0 (location: /Users/maxallison/Documents/GitHub/tac-380-Prototype-2/Library/PackageCache/com.unity.modules.subsystems)
    com.unity.modules.hierarchycore@1.0.0 (location: /Users/maxallison/Documents/GitHub/tac-380-Prototype-2/Library/PackageCache/com.unity.modules.hierarchycore)
    com.unity.ext.nunit@2.1.0 (location: /Users/maxallison/Documents/GitHub/tac-380-Prototype-2/Library/PackageCache/com.unity.ext.nunit@44f7d31723bd)
    com.unity.render-pipelines.core@17.5.0 (location: /Users/maxallison/Documents/GitHub/tac-380-Prototype-2/Library/PackageCache/com.unity.render-pipelines.core@d7ce3ed2cd80)
    com.unity.shadergraph@17.5.0 (location: /Users/maxallison/Documents/GitHub/tac-380-Prototype-2/Library/PackageCache/com.unity.shadergraph@2df19e8719bc)
    com.unity.render-pipelines.universal-config@17.5.0 (location: /Users/maxallison/Documents/GitHub/tac-380-Prototype-2/Library/PackageCache/com.unity.render-pipelines.universal-config@fdda01c80fe3)
    com.unity.mathematics@1.4.0 (location: /Users/maxallison/Documents/GitHub/tac-380-Prototype-2/Library/PackageCache/com.unity.mathematics@981956d94fb6)
    com.unity.collections@6.5.0 (location: /Users/maxallison/Documents/GitHub/tac-380-Prototype-2/Library/PackageCache/com.unity.collections@a43cabe808ca)
[Subsystems] No new subsystems found in resolved package list.
[Package Manager] Done registering packages in 0.00 seconds
[ScriptCompilation] Requested script compilation because: AssetDatabase observed changes in script compilation related files
info: Microsoft.Hosting.Lifetime[14]
      Now listening on: http://unix:/tmp/ilpp.sock-8b5e359ac40205c12387da3feb5488c7
info: Microsoft.Hosting.Lifetime[0]
      Application started. Press Ctrl+C to shut down.
info: Microsoft.Hosting.Lifetime[0]
      Hosting environment: Production
info: Microsoft.Hosting.Lifetime[0]
      Content root path: /Users/maxallison/Documents/GitHub/tac-380-Prototype-2
info: Microsoft.AspNetCore.Hosting.Diagnostics[1]
      Request starting HTTP/2 POST http://ilpp/UnityILPP.PostProcessing/Ping - application/grpc -
info: Microsoft.AspNetCore.Routing.EndpointMiddleware[0]
      Executing endpoint 'gRPC - /UnityILPP.PostProcessing/Ping'
info: Microsoft.AspNetCore.Routing.EndpointMiddleware[1]
      Executed endpoint 'gRPC - /UnityILPP.PostProcessing/Ping'
info: Microsoft.AspNetCore.Hosting.Diagnostics[2]
      Request finished HTTP/2 POST http://ilpp/UnityILPP.PostProcessing/Ping - 200 - application/grpc 26.3320ms
Starting: /Applications/Unity/Hub/Editor/6000.5.1f1/Unity.app/Contents/Resources/BuildPipeline/bee_backend --ipc --defer-dag-verification --dagfile="Library/Bee/200b0aE.dag" --continue-on-failure --profile="Library/Bee/backend1.traceevents" ScriptAssemblies
WorkingDir: /Users/maxallison/Documents/GitHub/tac-380-Prototype-2
info: Microsoft.AspNetCore.Hosting.Diagnostics[1]
      Request starting HTTP/2 POST http://ilpp/UnityILPP.PostProcessing/ConfigurePostProcessors - application/grpc -
info: Microsoft.AspNetCore.Routing.EndpointMiddleware[0]
      Executing endpoint 'gRPC - /UnityILPP.PostProcessing/ConfigurePostProcessors'
warn: Unity.ILPP.Runner.PostProcessingAssemblyLoadContext[0]
      Assembly system.runtime.interopservices.windowsruntime has duplicate hint path. Ignoring "/Applications/Unity/Hub/Editor/6000.5.1f1/Unity.app/Contents/Resources/Scripting/UnityReferenceAssemblies/unity-4.8-api/Facades/System.Runtime.InteropServices.WindowsRuntime.dll" in favor of "/Applications/Unity/Hub/Editor/6000.5.1f1/Unity.app/Contents/Resources/Scripting/NetStandard/Extensions/2.0.0/System.Runtime.InteropServices.WindowsRuntime.dll"
warn: Unity.ILPP.Runner.PostProcessingAssemblyLoadContext[0]
      Assembly system.componentmodel.composition has duplicate hint path. Ignoring "/Applications/Unity/Hub/Editor/6000.5.1f1/Unity.app/Contents/Resources/Scripting/UnityReferenceAssemblies/unity-4.8-api/System.ComponentModel.Composition.dll" in favor of "/Applications/Unity/Hub/Editor/6000.5.1f1/Unity.app/Contents/Resources/Scripting/NetStandard/compat/2.1.0/shims/netfx/System.ComponentModel.Composition.dll"
info: Unity.ILPP.Runner.PostProcessingAssemblyLoadContext[0]
      Resolved Unity.Burst.Cecil, Version=0.11.6.0, Culture=neutral, PublicKeyToken=50cebf1cceb9d05e with Library/PackageCache/com.unity.burst@6bb9aca3ef38/Unity.Burst.CodeGen/Unity.Burst.Cecil.dll
info: Unity.ILPP.Runner.PostProcessingAssemblyLoadContext[0]
      Resolved Mono.Cecil, Version=0.11.5.0, Culture=neutral, PublicKeyToken=50cebf1cceb9d05e with Library/PackageCache/com.unity.nuget.mono-cecil@ecb9724e46ff/Mono.Cecil.dll
info: Microsoft.AspNetCore.Routing.EndpointMiddleware[1]
      Executed endpoint 'gRPC - /UnityILPP.PostProcessing/ConfigurePostProcessors'
info: Microsoft.AspNetCore.Hosting.Diagnostics[2]
      Request finished HTTP/2 POST http://ilpp/UnityILPP.PostProcessing/ConfigurePostProcessors - 200 - application/grpc 14.1480ms
info: Microsoft.AspNetCore.Hosting.Diagnostics[1]
      Request starting HTTP/2 POST http://ilpp/UnityILPP.PostProcessing/PostProcessAssembly - application/grpc -
info: Microsoft.AspNetCore.Routing.EndpointMiddleware[0]
      Executing endpoint 'gRPC - /UnityILPP.PostProcessing/PostProcessAssembly'
info: Unity.ILPP.Runner.PostProcessingPipeline[0]
      Processing assembly Library/Bee/artifacts/200b0aE.dag/Assembly-CSharp.dll, with 137 defines and 354 references
info: Unity.ILPP.Runner.PostProcessingPipeline[0]
      processors: Unity.Jobs.CodeGen.JobsILPostProcessor, zzzUnity.Burst.CodeGen.BurstILPostProcessor
info: Unity.ILPP.Runner.PostProcessingPipeline[0]
      running Unity.Jobs.CodeGen.JobsILPostProcessor
info: Unity.ILPP.Runner.PostProcessingAssemblyLoadContext[0]
      Resolved Unity.Collections, Version=0.0.0.0, Culture=neutral, PublicKeyToken=null with Library/Bee/artifacts/200b0aE.dag/Unity.Collections.dll
info: Unity.ILPP.Runner.PostProcessingAssemblyLoadContext[0]
      Resolved UnityEditor.CoreModule, Version=0.0.0.0, Culture=neutral, PublicKeyToken=null with /Applications/Unity/Hub/Editor/6000.5.1f1/Unity.app/Contents/Resources/Scripting/Managed/UnityEngine/UnityEditor.CoreModule.dll
info: Unity.ILPP.Runner.PostProcessingAssemblyLoadContext[0]
      Resolved UnityEngine.CoreModule, Version=0.0.0.0, Culture=neutral, PublicKeyToken=null with /Applications/Unity/Hub/Editor/6000.5.1f1/Unity.app/Contents/Resources/Scripting/Managed/UnityEngine/UnityEngine.CoreModule.dll
info: Unity.ILPP.Runner.PostProcessingAssemblyLoadContext[0]
      Resolved Unity.Scripting, Version=0.0.0.0, Culture=neutral, PublicKeyToken=null with /Applications/Unity/Hub/Editor/6000.5.1f1/Unity.app/Contents/Resources/Scripting/Managed/UnityEngine/Unity.Scripting.dll
info: Unity.ILPP.Runner.PostProcessingPipeline[0]
      running zzzUnity.Burst.CodeGen.BurstILPostProcessor
info: Unity.ILPP.Runner.PostProcessingAssemblyLoadContext[0]
      Resolved Unity.Burst.Cecil.Rocks, Version=0.11.6.0, Culture=neutral, PublicKeyToken=50cebf1cceb9d05e with Library/PackageCache/com.unity.burst@6bb9aca3ef38/Unity.Burst.CodeGen/Unity.Burst.Cecil.Rocks.dll
info: Microsoft.AspNetCore.Routing.EndpointMiddleware[1]
      Executed endpoint 'gRPC - /UnityILPP.PostProcessing/PostProcessAssembly'
info: Microsoft.AspNetCore.Hosting.Diagnostics[2]
      Request finished HTTP/2 POST http://ilpp/UnityILPP.PostProcessing/PostProcessAssembly - 200 - application/grpc 185.6870ms
ExitCode: 0 Duration: 1s465ms
[ 774/1019  0s] ILPP-Configuration Library/ilpp-configuration.nevergeneratedoutput
[1015/1019  1s] Csc Library/Bee/artifacts/200b0aE.dag/Assembly-CSharp.dll (+2 others)
[1016/1019  0s] ILPostProcess Library/Bee/artifacts/200b0aE.dag/post-processed/Assembly-CSharp.dll (+pdb)
Processing assembly Library/Bee/artifacts/200b0aE.dag/Assembly-CSharp.dll, with 137 defines and 354 references
processors: Unity.Jobs.CodeGen.JobsILPostProcessor, zzzUnity.Burst.CodeGen.BurstILPostProcessor
running Unity.Jobs.CodeGen.JobsILPostProcessor
running zzzUnity.Burst.CodeGen.BurstILPostProcessor
[1017/1019  0s] CopyFiles Library/ScriptAssemblies/Assembly-CSharp.pdb
[1018/1019  0s] CopyFiles Library/ScriptAssemblies/Assembly-CSharp.dll
*** Tundra build success (1.45 seconds), 5 items updated, 1019 evaluated
AssetDatabase: script compilation time: 1.949036s
Begin MonoManager ReloadAssembly
Total cache size 267524756
Total cache size after purge 267524756, took 00:00:00.1758203
Refreshing native plugins compatible for Editor in 4.08 ms, found 3 plugins.
Native extension for OSXStandalone target not found
ScheduleIndexationOnStartup MainProcess:True IndexOnStartup:True
Mono: successfully reloaded assembly
- Finished resetting the current domain, in  1.907 seconds
Domain Reload Profiling: 2355ms
	BeginReloadAssembly (109ms)
		DisableScriptedObjects (8ms)
		CreateAndSetChildDomain (44ms)
	RebuildCommonClasses (4ms)
	RebuildNativeTypeToScriptingClass (8ms)
	initialDomainReloadingComplete (20ms)
	LoadAllAssembliesAndSetupDomain (306ms)
		LoadAssemblies (141ms)
		AnalyzeDomain (139ms)
			TypeCache.Refresh (104ms)
				TypeCache.ScanAssembly (94ms)
			BuildScriptInfoCaches (30ms)
			ResolveRequiredComponents (4ms)
	FinalizeReload (1908ms)
		SetupLoadedEditorAssemblies (0ms)
			BeforeProcessingInitializeOnLoad (42ms)
			ProcessInitializeOnLoadAttributes (1399ms)
			ProcessInitializeOnLoadMethodAttributes (345ms)
		AwakeInstancesAfterBackupRestoration (8ms)
Importing 'GUID: 8c9cfa26abfee488c85f1582747f6a02 - Path: Assets/Scenes/SampleScene.unity' with importer (DefaultImporter)
Imported 'GUID: 8c9cfa26abfee488c85f1582747f6a02' -> (Import Result ID: 'b37499beda422267cdf071eac3886166') in 0.021 seconds [static dependencies only]. Details - ImportResultOutputID=d9e1b38d15056e7131fe2ca7dd7db718 DependenciesID=929d7afe7bb1b250dfd8c5566ab74f55 StaticDependenciesID=5b108e1de7f920a64f0354e2039a4581 
Importing 'GUID: edb149c5921da492c99baefa5ab36d24 - Path: Assets/sprites/Untitled_Artwork 32.png' with importer (TextureImporter)
Imported 'GUID: edb149c5921da492c99baefa5ab36d24' -> (Import Result ID: '54f2eb54ebe8bf64395f8e1f130ca5e4') in 0.073 seconds [static and dynamic dependencies]. Details - ImportResultOutputID=49161640210153ee632fa9a05f247a50 DependenciesID=7e295a822f9a20957c5214ce39399474 StaticDependenciesID=935cb6fd8245c9ca0ad311effd380654 
Importing 'GUID: 9e3bef9aa5a4a493b90e813f24897772 - Path: Assets/sprites/Untitled_Artwork 31.png' with importer (TextureImporter)
Imported 'GUID: 9e3bef9aa5a4a493b90e813f24897772' -> (Import Result ID: 'b8e5f5e48cceae4600ea099e9b65a712') in 0.057 seconds [static and dynamic dependencies]. Details - ImportResultOutputID=ad6a1ea7ae78cceb66d9a53b179e36a2 DependenciesID=38671b816a6dcb4d870454ffe3ba4590 StaticDependenciesID=867f94e5694fb968604c55cca6c9e0e4 
Starting new worker id: 0 with log in /Users/maxallison/Documents/GitHub/tac-380-Prototype-2/Logs/AssetImportWorkerHW0.log

Asset Pipeline Refresh (id=7fccdd89d50fa4e3d89bae544086bbd1): Total: 5.625 seconds - Initiated by InitialRefreshV2(ForceSynchronousImport)
	(Values over 0.05ms)
	Summary:
		Imports: total=3 (actual=3, local cache=0, cache server=0)
		Asset DB Process Time: managed=18 ms, native=2963 ms
		Asset DB Callback time: managed=192 ms, native=9 ms
		Scripting: domain reloads=1, domain reload time=463 ms, compile time=1950 ms, other=27 ms
		Project Asset Count: scripts=1556, non-scripts=3193
		Asset File Changes: new=2, changed=4, moved=0, deleted=0
		Scan Filter Count: 1
	InvokePackagesCallback: 8.792ms
	ApplyChangesToAssetFolders: 0.185ms
	Scan: 626.172ms
	Collect global state as custom dependencies: 4.443ms
	OnSourceAssetsModified: 0.461ms
	CategorizeScriptCompilationAssets: 40.620ms
	ProcessAssetsWithTransientArtifactChanges: 41.293ms
	CategorizeAssets: 59.628ms
	CompileScripts: 1950.034ms
	ImportOutOfDateAssets: 2110.989ms (1923.144ms without children)
		ImportManagerImport: 155.290ms (1.214ms without children)
		UnloadImportedAssets: 0.893ms
		EnsureUptoDateAssetsAreRegisteredWithGuidPM: 0.459ms
		ImportSchedulerStart: 31.170ms
	PostProcessAllAssets: 193.795ms
		VCAutoAddAssetPostprocess 1.480ms
		XRBuildSystem.XRAssetImported 0.099ms
		MonoPostProcessAllAssets: 191.551ms
			AssetPostprocessor.OnPostprocessAllAssets 139.976ms
			StyleCatalogPostProcessor.OnPostprocessAllAssets 14.207ms
			SyncVS.PostprocessSyncProject 6.987ms
			UniversalRenderPipelineGlobalSettingsPostprocessor.OnPostprocessAllAssets 5.728ms
			BuilderAssetPostprocessor.OnPostprocessAllAssets 3.854ms
			AssetChangedListener.OnPostprocessAllAssets 3.052ms
			SpriteSlicePostprocessor.OnPostprocessAllAssets 1.181ms
			SpeedTree9Postprocessor.OnPostprocessAllAssets 1.014ms
			WindowAssetPostprocessingWatcher.OnPostprocessAllAssets 0.971ms
			ShaderGraphAssetPostProcessor.OnPostprocessAllAssets 0.936ms
			TextAssetPostProcessor.OnPostprocessAllAssets 0.810ms
			RetainedModeAssetPostprocessor.OnPostprocessAllAssets 0.675ms
			MaterialPostprocessor.OnPostprocessAllAssets 0.375ms
			RenderPipelineGlobalSettingsPostprocessor.OnPostprocessAllAssets 0.320ms
			ArtifactBrowserPostProcessor.OnPostprocessAllAssets 0.260ms
			SampleDependencyImporterPostProcessor.OnPostprocessAllAssets 0.255ms
			SpriteEditorTexturePostprocessor.OnPostprocessAllAssets 0.252ms
			ReferencedClipsPostProcessor.OnPostprocessAllAssets 0.204ms
			ShaderReflectionAssetPostProcessor.OnPostprocessAllAssets 0.186ms
			AudioMixerPostprocessor.OnPostprocessAllAssets 0.185ms
			PostProcessor.OnPostprocessAllAssets 0.183ms
			InputActionAssetPostprocessor.OnPostprocessAllAssets 0.176ms
			UVCSAssetPostprocessor.OnPostprocessAllAssets 0.173ms
			TMPro_TexturePostProcessor.OnPostprocessAllAssets 0.157ms
			AssetEvents.OnPostprocessAllAssets 0.135ms
			InputActionJsonNameModifierAssetProcessor.OnPostprocessAllAssets 0.130ms
			AssetProcessor.OnPostprocessAllAssets 0.129ms
			SpriteLibraryAssetPostprocessor.OnPostprocessAllAssets 0.096ms
			TerrainToolbarOverlayPostProcessor.OnPostprocessAllAssets 0.093ms
			ProjectSettingsPostprocessor.OnPostprocessAllAssets 0.092ms
			SpriteShapeAssetPostProcessor.OnPostprocessAllAssets 0.090ms
			AudioContainerPostProcessor.OnPostprocessAllAssets 0.072ms
			AssetDatabaseCallbacks.OnPostprocessAllAssets 0.070ms
			SpeedTreePostProcessor.OnPostprocessAllAssets 0.069ms
			PSDImportPostProcessor.OnPostprocessAllAssets 0.068ms
			SamplePostprocessor.OnPostprocessAllAssets 0.063ms
			ConfigAssetsTracker.OnPostprocessAllAssets 0.059ms
			ScenarioDriftAssetsTracker.OnPostprocessAllAssets 0.057ms
	PostAssetChangesProfiler: 2.628ms
	UnloadStreamsBegin: 1.020ms
	PersistCurrentRevisions: 0.172ms
	GenerateScriptTypeHashes: 1.118ms
	GenerateScriptTypeSerializationHashes: 1.927ms
	Untracked: 583.172ms

Application.AssetDatabase Initial Refresh End
Shader Hidden/ChartRasterizerHardware is not supported: GPU does not support conservative rasterization
Launching external process: /Applications/Unity/Hub/Editor/6000.5.1f1/Unity.app/Contents/Helpers/UnityShaderCompiler
Launched and connected shader compiler UnityShaderCompiler after 0.05 seconds
Shader Hidden/ChartRasterizerHardware is not supported: GPU does not support conservative rasterization
Scanning for USB devices : 0.030ms
Initializing Unity extensions:
[MODES] ModeService[none].Initialize
[MODES] ModeService[none].LoadModes
[MODES] Loading mode Default (0) for mode-current-id-Fish in a Barrel Game
2026-09-15 15:26:23.764 Unity[21390:1291916] NSEventModifierFlagFunction specified to -setKeyEquivalentModifierMask: for item <NSMenuItem: 0x3b4c23040 SDF, ke='Command-F12'>, but is only supported for system-provided menu items; will not be used
Worker ready: AssetImportWorkerHW0 0
Unloading 94 Unused Serialized files (Serialized files now loaded: 0)
Loaded scene 'Assets/Scenes/SampleScene.unity'
	Deserialize:            29.426 ms
	Integration:            142.520 ms
	Integration of assets:  6.595 ms
	Thread Wait Time:       0.012 ms
	Total Operation Time:   178.553 ms
Unloading 7238 unused Assets / (15.4 MB). Loaded Objects now: 8209.
Memory consumption went from 284.3 MB to 268.9 MB.
Total: 11.001250 ms (FindLiveObjects: 0.270542 ms CreateObjectMapping: 1.665542 ms MarkObjects: 4.791375 ms  DeleteObjects: 4.273667 ms)

[LAYOUT] About to load UserSettings/Layouts/default-6000.dwlt, keepMainWindow=False
2026-09-15 15:26:23.993 Unity[21390:1291916] CAMetalLayer ignoring invalid setDrawableSize width=0.000000 height=0.000000
2026-09-15 15:26:23.993 Unity[21390:1291916] CAMetalLayer ignoring invalid setDrawableSize width=0.000000 height=0.000000
2026-09-15 15:26:23.994 Unity[21390:1291916] CAMetalLayer ignoring invalid setDrawableSize width=0.000000 height=0.000000
2026-09-15 15:26:23.994 Unity[21390:1291916] CAMetalLayer ignoring invalid setDrawableSize width=0.000000 height=0.000000
2026-09-15 15:26:23.994 Unity[21390:1291916] CAMetalLayer ignoring invalid setDrawableSize width=0.000000 height=0.000000
2026-09-15 15:26:23.994 Unity[21390:1291916] CAMetalLayer ignoring invalid setDrawableSize width=0.000000 height=0.000000
2026-09-15 15:26:24.321 Unity[21390:1291916] CAMetalLayer ignoring invalid setDrawableSize width=0.000000 height=0.000000
2026-09-15 15:26:24.321 Unity[21390:1291916] CAMetalLayer ignoring invalid setDrawableSize width=0.000000 height=0.000000
2026-09-15 15:26:24.326 Unity[21390:1291916] CAMetalLayer ignoring invalid setDrawableSize width=0.000000 height=0.000000
2026-09-15 15:26:24.326 Unity[21390:1291916] CAMetalLayer ignoring invalid setDrawableSize width=0.000000 height=0.000000
2026-09-15 15:26:24.327 Unity[21390:1291916] CAMetalLayer ignoring invalid setDrawableSize width=0.000000 height=0.000000
2026-09-15 15:26:24.327 Unity[21390:1291916] CAMetalLayer ignoring invalid setDrawableSize width=0.000000 height=0.000000
[LAYOUT] About to save layout /Users/maxallison/Documents/GitHub/tac-380-Prototype-2/UserSettings/Layouts/default-6000.dwlt
[LAYOUT] About to save layout /Users/maxallison/Library/Preferences/Unity/Editor-5.x/Layouts/current/default-6000.dwlt
[MODES] ModeService[default].InitializeCurrentMode
[MODES] ModeService[default].RaiseModeChanged(default, default)
2026-09-15 15:26:24.393 Unity[21390:1291916] NSEventModifierFlagFunction specified to -setKeyEquivalentModifierMask: for item <NSMenuItem: 0x1690179e0 SDF, ke='Command-F12'>, but is only supported for system-provided menu items; will not be used
[Project] Loading completed in 8.451 seconds
	Project init time: 				0.000 seconds
		Template init time: 		0.000 seconds
		Package Manager init time: 		0.000 seconds
		Asset Database init time: 		0.000 seconds
		Global illumination init time: 	0.000 seconds
		Assemblies load time: 			0.000 seconds
		Unity extensions init time: 	0.000 seconds
		Asset Database refresh time: 	0.000 seconds
	Scene opening time: 			0.000 seconds
##utp:{"type":"ProjectInfo","version":2,"phase":"Immediate","time":1789511184413,"processId":21390,"projectLoad":8.451447125,"projectInit":0.0,"templateInit":0.0,"packageManagerInit":0.0,"assetDatabaseInit":0.0,"globalIlluminationInit":0.0,"assembliesLoad":0.0,"unityExtensionsInit":0.0,"assetDatabaseRefresh":0.0,"sceneOpening":0.0}
##utp:{"type":"EditorInfo","version":2,"phase":"Immediate","time":1789511184414,"processId":21390,"editorVersion":"6000.5.1f1 (0d9463e84828)","branch":"6000.5/staging","buildType":"Release","platform":"OSX"}
Subscribe to USB device events
Start Indexing on Editor startup
[Indexing] Starting Initial Indexing for Assets
Created GICache directory at /Users/maxallison/Library/Caches/com.unity3d.UnityEditor/GiCache. Took: 0.002s, timestamps: [8.459 - 8.461]
[Licensing::Client] Successfully resolved entitlement details
[Licensing::Client] Successfully resolved entitlement details
[Licensing::Client] Successfully resolved entitlement details
[Licensing::Client] Successfully updated the access token
[Licensing::Module] Successfully updated access token: "hF_tbcvS"... (expires: 2026-09-15T22:38:16Z)
Starting new worker id: 1 with log in /Users/maxallison/Documents/GitHub/tac-380-Prototype-2/Logs/AssetImportWorkerHW1.log
[Worker0] Imported GUID: 8c9cfa26abfee488c85f1582747f6a02 - Path: Assets/Scenes/SampleScene.unity - Importer: ScriptedImporter/UnityEditor.QuickSearchModule:UnityEditor.Search:ASIAI0B -> (ImportResultId: 'f86a626d76a09545c742d9078e0afa5e') in 0.031060625 seconds
[Worker0] Imported GUID: edb149c5921da492c99baefa5ab36d24 - Path: Assets/sprites/Untitled_Artwork 32.png - Importer: ScriptedImporter/UnityEditor.QuickSearchModule:UnityEditor.Search:ASIAI0B -> (ImportResultId: 'a1bec8b2a33c20d1710191b959b947bc') in 0.0386275 seconds
[Worker0] Imported GUID: 9e3bef9aa5a4a493b90e813f24897772 - Path: Assets/sprites/Untitled_Artwork 31.png - Importer: ScriptedImporter/UnityEditor.QuickSearchModule:UnityEditor.Search:ASIAI0B -> (ImportResultId: '105611e4bdefcd96f3d396bd4f4f8bee') in 0.013711042 seconds
[Worker0] Imported GUID: f5b7b5a68e4df418fa29a2f83b5e28a4 - Path: Assets/Scripts/GameOverManager.cs - Importer: ScriptedImporter/UnityEditor.QuickSearchModule:UnityEditor.Search:ASIAI0B -> (ImportResultId: '04a3bbc8e63fa4277aeb258729794810') in 0.008431833 seconds
UPID Received 'ea04a465-9859-462b-87dd-d272f7fc32ab'.
Worker ready: AssetImportWorkerHW1 1
Thread 0x3b4bc7000 may have been prematurely finalized
SpriteAtlasPacking completed in 0.003384 sec
Entering Playmode with Reload Domain disabled.
If you experience any issues, please disable "Enter Play Mode Options" in Editor Settings
Loaded scene 'Temp/__Backupscenes/0.backup'
	Deserialize:            3.561 ms
	Integration:            143.288 ms
	Integration of assets:  0.038 ms
	Thread Wait Time:       -0.005 ms
	Total Operation Time:   146.882 ms
Connect two controllers before starting the scene.
UnityEngine.Debug:ExtractStackTraceNoAlloc (byte*,int,string)
UnityEngine.StackTraceUtility:ExtractStackTrace () (at /Users/bokken/build/output/unity/unity/Runtime/Export/Scripting/StackTrace.cs:35)
UnityEngine.DebugLogHandler:Internal_Log (UnityEngine.LogType,UnityEngine.LogOption,string,UnityEngine.Object)
UnityEngine.DebugLogHandler:LogFormat (UnityEngine.LogType,UnityEngine.Object,string,object[])
UnityEngine.Logger:Log (UnityEngine.LogType,object)
UnityEngine.Debug:LogWarning (object)
ControllerAssignment:Start () (at Assets/Scripts/ControllerAssignment.cs:13)

(Filename: Assets/Scripts/ControllerAssignment.cs Line: 13)

Thread 0x3bbb6b000 may have been prematurely finalized
Unloading 28 Unused Serialized files (Serialized files now loaded: 0)
Loaded scene 'Temp/__Backupscenes/0.backup'
	Deserialize:            1.403 ms
	Integration:            122.836 ms
	Integration of assets:  0.011 ms
	Thread Wait Time:       0.007 ms
	Total Operation Time:   124.256 ms
Unloading 6 unused Assets / (245.1 KB). Loaded Objects now: 9272.
Memory consumption went from 378.4 MB to 378.2 MB.
Total: 11.063083 ms (FindLiveObjects: 0.199209 ms CreateObjectMapping: 0.514834 ms MarkObjects: 10.264208 ms  DeleteObjects: 0.084375 ms)

Loaded scene 'Library/Unused/d6faa40cab6c54c6c82b0235e7761bfb'
	Deserialize:            0.125 ms
	Integration:            0.073 ms
	Integration of assets:  0.001 ms
	Thread Wait Time:       0.003 ms
	Total Operation Time:   0.201 ms
Unloading 9 Unused Serialized files (Serialized files now loaded: 0)
Unloading 53 unused Assets / (16.6 MB). Loaded Objects now: 9532.
Memory consumption went from 396.4 MB to 379.9 MB.
Total: 15.867416 ms (FindLiveObjects: 0.209125 ms CreateObjectMapping: 0.526125 ms MarkObjects: 12.678458 ms  DeleteObjects: 2.453250 ms)

[Worker1] Imported GUID: edb149c5921da492c99baefa5ab36d24 - Path: Assets/sprites/Untitled_Artwork 32.png - Importer: PreviewImporter -> (ImportResultId: 'c511e7e6b42599e9d37a2b3d5e74e607') in 0.049438625 seconds
[Worker0] Imported GUID: 9e3bef9aa5a4a493b90e813f24897772 - Path: Assets/sprites/Untitled_Artwork 31.png - Importer: PreviewImporter -> (ImportResultId: '5e9be8e450f1921e15842480b15d9e14') in 0.050869875 seconds
TrimDiskCacheJob: Current cache size 0mb
Asset Pipeline Refresh (id=88f3a4e0a944e49dbb2ca46adea201ce): Total: 0.226 seconds - Initiated by RefreshV2(AllowForceSynchronousImport)
2026-09-15 15:27:11.737 Unity[21390:1291916] NSEventModifierFlagFunction specified to -setKeyEquivalentModifierMask: for item <NSMenuItem: 0x35984b4c0 SDF, ke='Command-F12'>, but is only supported for system-provided menu items; will not be used
Importing 'GUID: 873311391b3a94c998751c6434e55ff8 - Path: Assets/sprites/Shank.png' with importer (TextureImporter)
Imported 'GUID: 873311391b3a94c998751c6434e55ff8' -> (Import Result ID: 'bac8c7060bb8e0000f087a159413a832') in 0.004 seconds [static and dynamic dependencies]. Details - ImportResultOutputID=1d1119155f2365d7cab965e8aa40fc79 DependenciesID=2064ae3e47556824eb09f71b7a38fa02 StaticDependenciesID=5af488c38dea17db9419181002a4b428 
Asset Pipeline Refresh (id=96720914f0ab84bb3a20e932d891b415): Total: 0.143 seconds - Initiated by RefreshV2(NoUpdateAssetOptions)
[Worker0] Imported GUID: 873311391b3a94c998751c6434e55ff8 - Path: Assets/sprites/Shank.png - Importer: PreviewImporter -> (ImportResultId: 'bd4d73302d5d36e6be145d55bf049f36') in 0.01458525 seconds
[Worker0] Imported GUID: 873311391b3a94c998751c6434e55ff8 - Path: Assets/sprites/Shank.png - Importer: ScriptedImporter/UnityEditor.QuickSearchModule:UnityEditor.Search:ASIAI0B -> (ImportResultId: '5872603a3769dbc9f2ad2bd31b4c7f37') in 0.009975916 seconds
2026-09-15 15:27:24.930 Unity[21390:1291916] CAMetalLayer ignoring invalid setDrawableSize width=0.000000 height=0.000000
2026-09-15 15:27:24.933 Unity[21390:1291916] CAMetalLayer ignoring invalid setDrawableSize width=0.000000 height=0.000000
Importing 'GUID: 873311391b3a94c998751c6434e55ff8 - Path: Assets/sprites/Shank.png' with importer (TextureImporter)
Imported 'GUID: 873311391b3a94c998751c6434e55ff8' -> (Import Result ID: 'd28bc56c7a7db2747fb5d443b9336021') in 0.001 seconds [static and dynamic dependencies]. Details - ImportResultOutputID=87ce09d81951bc293e17d72b11e2b285 DependenciesID=5f23c0a8e37f0734ffda29883ea1a261 StaticDependenciesID=919edc3857fc1e84a957b9e12ae826a0 
Asset Pipeline Refresh (id=7c3403719bd8a4cd3a3a497edababbab): Total: 0.050 seconds - Initiated by StopAssetImportingV2(NoUpdateAssetOptions)
[Worker0] Imported GUID: 873311391b3a94c998751c6434e55ff8 - Path: Assets/sprites/Shank.png - Importer: PreviewImporter -> (ImportResultId: '75925568aaf5d969eaf14f923ab8dd4f') in 0.016583708 seconds
[Worker0] Imported GUID: 873311391b3a94c998751c6434e55ff8 - Path: Assets/sprites/Shank.png - Importer: ScriptedImporter/UnityEditor.QuickSearchModule:UnityEditor.Search:ASIAI0B -> (ImportResultId: '0c95080d441e6bd67253ab984796d4c5') in 0.011290708 seconds
2026-09-15 15:27:36.378 Unity[21390:1291916] CAMetalLayer ignoring invalid setDrawableSize width=0.000000 height=0.000000
2026-09-15 15:27:36.381 Unity[21390:1291916] CAMetalLayer ignoring invalid setDrawableSize width=0.000000 height=0.000000
[Worker0] Imported GUID: 15d3c315af8faf2498573371308b9d3e - Path: Packages/com.unity.2d.animation/Editor/Assets/EditorIcons/Dark/d_Edit_Joints@4x.png - Importer: PreviewImporter -> (ImportResultId: 'b3367cc2b22282ab14bfaf1c22547275') in 0.019589792 seconds
[Worker1] Imported GUID: 7a6cafa65c507e240b7293250b094e10 - Path: Packages/com.unity.2d.animation/Editor/Assets/EditorIcons/Dark/d_Edit_Pose.png - Importer: PreviewImporter -> (ImportResultId: '594a958ca8c11292f059a9fcc2aa23b9') in 0.019317125 seconds
[Worker0] Imported GUID: fda2e829442ad4c0d875a0f52dd3a487 - Path: Packages/com.unity.2d.animation/Editor/Assets/EditorIcons/Dark/d_EditorUI.Filter@2x.png - Importer: PreviewImporter -> (ImportResultId: 'f953ad82b23fa25c780e0ef7104a72b7') in 0.009376375 seconds
[Worker1] Imported GUID: 4f3a106299767d146975053c7be09b97 - Path: Packages/com.unity.2d.animation/Editor/Assets/EditorIcons/Dark/d_Edit_Pose@4x.png - Importer: PreviewImporter -> (ImportResultId: 'e6bbd21874b5795341c2b4ce5abc074c') in 0.009432042 seconds
[Worker0] Imported GUID: 334b0c5a2da656f4a9d2fe6b658cfd68 - Path: Packages/com.unity.2d.animation/Editor/Assets/EditorIcons/Dark/d_Edit_Pose@3x.png - Importer: PreviewImporter -> (ImportResultId: '4a80c2e68b1b323791470b105e0698f2') in 0.009781 seconds
[Worker1] Imported GUID: c33b82aa5373c4e1f8e2d43210c97c45 - Path: Packages/com.unity.2d.tilemap/Editor/Icons/d_EditorUI.Filter.png - Importer: PreviewImporter -> (ImportResultId: '14896906fc6267dcffa5d0001c8b4c35') in 0.008282542 seconds
[Worker1] Imported GUID: a8da56a2d332845258195016e4f58611 - Path: Packages/com.unity.2d.animation/Editor/Assets/EditorIcons/Dark/d_EditorUI.Filter.png - Importer: PreviewImporter -> (ImportResultId: 'e7ac745ba0f2e9f9e68d1c13556b2267') in 0.009751584 seconds
[Worker0] Imported GUID: 24a4dd7831e4a46f593e94273994b42c - Path: Packages/com.unity.2d.tilemap/Editor/Icons/d_EditorUI.Filter@2x.png - Importer: PreviewImporter -> (ImportResultId: 'd6490e2aa37f3bddb42cb5c373cdee32') in 0.010934041 seconds
[Worker1] Imported GUID: 5df5eccb22181f040836da1ea19743e8 - Path: Packages/com.unity.2d.animation/Editor/Assets/EditorIcons/Dark/d_Edit_Pose@2x.png - Importer: PreviewImporter -> (ImportResultId: '4c9e58554cd9f0ed3b2c174052374b4e') in 0.010660792 seconds
Importing 'GUID: cbad8cf3368d64cc98f81fe0b6ce69ff - Path: Assets/Prefabs/Bullet.prefab' with importer (PrefabImporter)
Imported 'GUID: cbad8cf3368d64cc98f81fe0b6ce69ff' -> (Import Result ID: '3dfd810976fa874411808ce9b25c4413') in 0.001 seconds [static and dynamic dependencies]. Details - ImportResultOutputID=7cd4654a9718c7aaab9bb8b77f51600b DependenciesID=36abcd39755e4edfd894fb803e52b10b StaticDependenciesID=5436980a799f19f8ffaf2c1f4a3531e3 
Asset Pipeline Refresh (id=986587f14142d425cbcb8c44c69c23bc): Total: 0.048 seconds - Initiated by StopAssetImportingV2(NoUpdateAssetOptions)
[Worker0] Imported GUID: cbad8cf3368d64cc98f81fe0b6ce69ff - Path: Assets/Prefabs/Bullet.prefab - Importer: ScriptedImporter/UnityEditor.QuickSearchModule:UnityEditor.Search:ASIAI0B -> (ImportResultId: '97fdceb5d7287dbc11d720f0a56f30a2') in 0.024901125 seconds
Thread 0x35a193000 may have been prematurely finalized
2026-09-15 15:27:42.768 Unity[21390:1291916] CAMetalLayer ignoring invalid setDrawableSize width=0.000000 height=0.000000
2026-09-15 15:27:42.769 Unity[21390:1291916] CAMetalLayer ignoring invalid setDrawableSize width=0.000000 height=0.000000
Importing 'GUID: 873311391b3a94c998751c6434e55ff8 - Path: Assets/sprites/Shank.png' with importer (TextureImporter)
Imported 'GUID: 873311391b3a94c998751c6434e55ff8' -> (Import Result ID: '7b03dcafc872e35c7efaabe4365faf24') in 0.002 seconds [static and dynamic dependencies]. Details - ImportResultOutputID=1f3e1d64d6ef6e25f17a8cb643866bfd DependenciesID=bd9ab2b38ee7a8c2d410388907eddd54 StaticDependenciesID=118602c443b498eb22f529bb2bfbf0b2 
Asset Pipeline Refresh (id=0839edb06fc334fc89472f313c3f6e8b): Total: 0.060 seconds - Initiated by StopAssetImportingV2(NoUpdateAssetOptions)
[Worker0] Imported GUID: 873311391b3a94c998751c6434e55ff8 - Path: Assets/sprites/Shank.png - Importer: PreviewImporter -> (ImportResultId: '4bf6bf4a2250369610b9daa42ba2544a') in 0.016118166 seconds
[Worker0] Imported GUID: 873311391b3a94c998751c6434e55ff8 - Path: Assets/sprites/Shank.png - Importer: ScriptedImporter/UnityEditor.QuickSearchModule:UnityEditor.Search:ASIAI0B -> (ImportResultId: '86c6e2a9b9cd34768fab878e76f87696') in 0.009691334 seconds
2026-09-15 15:27:52.521 Unity[21390:1291916] CAMetalLayer ignoring invalid setDrawableSize width=0.000000 height=0.000000
2026-09-15 15:27:52.523 Unity[21390:1291916] CAMetalLayer ignoring invalid setDrawableSize width=0.000000 height=0.000000
Importing 'GUID: cbad8cf3368d64cc98f81fe0b6ce69ff - Path: Assets/Prefabs/Bullet.prefab' with importer (PrefabImporter)
Imported 'GUID: cbad8cf3368d64cc98f81fe0b6ce69ff' -> (Import Result ID: 'bf1b39fc7e49f93425ee8ea0337d1e27') in 0.001 seconds [static and dynamic dependencies]. Details - ImportResultOutputID=71aa452857c81307dca732d1ddd93ecc DependenciesID=5e75de483cfe550bea9e48725f60819f StaticDependenciesID=ab4eaf35762d673d10a516cdf35988b6 
Asset Pipeline Refresh (id=c789549ccfcbc4a0e84c252a26b232fd): Total: 0.047 seconds - Initiated by StopAssetImportingV2(NoUpdateAssetOptions)
[Worker0] Imported GUID: cbad8cf3368d64cc98f81fe0b6ce69ff - Path: Assets/Prefabs/Bullet.prefab - Importer: ScriptedImporter/UnityEditor.QuickSearchModule:UnityEditor.Search:ASIAI0B -> (ImportResultId: 'cb9ff46519bbbfe81f1dc7d24ce38915') in 0.010836333 seconds
2026-09-15 15:27:56.860 Unity[21390:1291916] CAMetalLayer ignoring invalid setDrawableSize width=0.000000 height=0.000000
2026-09-15 15:27:56.861 Unity[21390:1291916] CAMetalLayer ignoring invalid setDrawableSize width=0.000000 height=0.000000
2026-09-15 15:27:57.966 Unity[21390:1291916] CAMetalLayer ignoring invalid setDrawableSize width=0.000000 height=0.000000
2026-09-15 15:27:57.967 Unity[21390:1291916] CAMetalLayer ignoring invalid setDrawableSize width=0.000000 height=0.000000
Asset Pipeline Refresh (id=578a05495845b4092a794510e2bd0ea5): Total: 0.090 seconds - Initiated by RefreshV2(AllowForceSynchronousImport)
[Worker0] Imported GUID: 0ad1569b5a41f403ba6fd3cb413de39c - Path: Assets/Scripts/Bullet.cs - Importer: PreviewImporter -> (ImportResultId: '197a1588cac5a929f1fac1d8af02bcc1') in 0.006916917 seconds
2026-09-15 15:28:20.348 Unity[21390:1291916] CAMetalLayer ignoring invalid setDrawableSize width=0.000000 height=0.000000
2026-09-15 15:28:20.350 Unity[21390:1291916] CAMetalLayer ignoring invalid setDrawableSize width=0.000000 height=0.000000
2026-09-15 15:28:20.877 Unity[21390:1291916] CAMetalLayer ignoring invalid setDrawableSize width=0.000000 height=0.000000
2026-09-15 15:28:20.878 Unity[21390:1291916] CAMetalLayer ignoring invalid setDrawableSize width=0.000000 height=0.000000
Importing 'GUID: cbad8cf3368d64cc98f81fe0b6ce69ff - Path: Assets/Prefabs/Bullet.prefab' with importer (PrefabImporter)
Imported 'GUID: cbad8cf3368d64cc98f81fe0b6ce69ff' -> (Import Result ID: 'd2ae9c92e8b4b193769ff4634381a573') in 0.002 seconds [static and dynamic dependencies]. Details - ImportResultOutputID=47194b205a3faff2d1d076f33fde58b1 DependenciesID=1f6d4b8a2a8b0455f86ad22af1828c76 StaticDependenciesID=33e29c31d6f22984bb13ef010fada180 
Asset Pipeline Refresh (id=bf79f77a7187645ee85b71ad8afc7a18): Total: 0.057 seconds - Initiated by StopAssetImportingV2(NoUpdateAssetOptions)
2026-09-15 15:28:31.332 Unity[21390:1291916] NSEventModifierFlagFunction specified to -setKeyEquivalentModifierMask: for item <NSMenuItem: 0x362c29230 SDF, ke='Command-F12'>, but is only supported for system-provided menu items; will not be used
2026-09-15 15:28:31.386 Unity[21390:1291916] CAMetalLayer ignoring invalid setDrawableSize width=0.000000 height=0.000000
2026-09-15 15:28:31.388 Unity[21390:1291916] CAMetalLayer ignoring invalid setDrawableSize width=0.000000 height=0.000000
[Worker0] Imported GUID: cbad8cf3368d64cc98f81fe0b6ce69ff - Path: Assets/Prefabs/Bullet.prefab - Importer: ScriptedImporter/UnityEditor.QuickSearchModule:UnityEditor.Search:ASIAI0B -> (ImportResultId: '8d78861831494007d620e241e5abe22b') in 0.010039417 seconds
2026-09-15 15:28:33.300 Unity[21390:1291916] NSEventModifierFlagFunction specified to -setKeyEquivalentModifierMask: for item <NSMenuItem: 0x362a80ce0 SDF, ke='Command-F12'>, but is only supported for system-provided menu items; will not be used
Importing 'GUID: cbad8cf3368d64cc98f81fe0b6ce69ff - Path: Assets/Prefabs/Bullet.prefab' with importer (PrefabImporter)
Imported 'GUID: cbad8cf3368d64cc98f81fe0b6ce69ff' -> (Import Result ID: '22f34a4080d1008c9e7a15f7c567253f') in 0.001 seconds [static and dynamic dependencies]. Details - ImportResultOutputID=874dde3346ed5ac2999d606fa76c0549 DependenciesID=fa548e74ec804f84d3daa3d5f9ab76f5 StaticDependenciesID=4549ad4341f7c9b377227eaeca0a1350 
Asset Pipeline Refresh (id=afaf6688d2c2d4974995c8d97d352a56): Total: 0.046 seconds - Initiated by StopAssetImportingV2(NoUpdateAssetOptions)
[Worker0] Imported GUID: cbad8cf3368d64cc98f81fe0b6ce69ff - Path: Assets/Prefabs/Bullet.prefab - Importer: ScriptedImporter/UnityEditor.QuickSearchModule:UnityEditor.Search:ASIAI0B -> (ImportResultId: 'cd836dce12e25085e762a445bc5c0857') in 0.010741417 seconds
Importing 'GUID: cbad8cf3368d64cc98f81fe0b6ce69ff - Path: Assets/Prefabs/Bullet.prefab' with importer (PrefabImporter)
Imported 'GUID: cbad8cf3368d64cc98f81fe0b6ce69ff' -> (Import Result ID: 'fcc6ee2d580eccb926c9d5e66cbd2b1c') in 0.001 seconds [static and dynamic dependencies]. Details - ImportResultOutputID=0fb3e6e095d1b871ded8977e28ba5dfc DependenciesID=62fc938fe92cf377a384202652c31105 StaticDependenciesID=942fe985b513553a324e0463160728c3 
Asset Pipeline Refresh (id=3bb44d7a721c549ad906c8ed84908a49): Total: 0.045 seconds - Initiated by StopAssetImportingV2(NoUpdateAssetOptions)
[Worker0] Imported GUID: cbad8cf3368d64cc98f81fe0b6ce69ff - Path: Assets/Prefabs/Bullet.prefab - Importer: ScriptedImporter/UnityEditor.QuickSearchModule:UnityEditor.Search:ASIAI0B -> (ImportResultId: '703305e71782f8b409b79a130973a6b6') in 0.009782875 seconds
Importing 'GUID: cbad8cf3368d64cc98f81fe0b6ce69ff - Path: Assets/Prefabs/Bullet.prefab' with importer (PrefabImporter)
Imported 'GUID: cbad8cf3368d64cc98f81fe0b6ce69ff' -> (Import Result ID: '750f59bc06466c4c21d13f72be2d0691') in 0.001 seconds [static and dynamic dependencies]. Details - ImportResultOutputID=0e6d6fdf6aaeef15b2e04f4233305224 DependenciesID=e1581ef395afc03ae3075a204fc1fe1e StaticDependenciesID=4cb36d660862d244cbb5f37ee59c391d 
Asset Pipeline Refresh (id=8293e29b7f8254e5da6de20f03d42532): Total: 0.045 seconds - Initiated by StopAssetImportingV2(NoUpdateAssetOptions)
[Worker0] Imported GUID: cbad8cf3368d64cc98f81fe0b6ce69ff - Path: Assets/Prefabs/Bullet.prefab - Importer: ScriptedImporter/UnityEditor.QuickSearchModule:UnityEditor.Search:ASIAI0B -> (ImportResultId: '08d827c7db1e9b27655dc2330457d740') in 0.010939292 seconds
Importing 'GUID: cbad8cf3368d64cc98f81fe0b6ce69ff - Path: Assets/Prefabs/Bullet.prefab' with importer (PrefabImporter)
Imported 'GUID: cbad8cf3368d64cc98f81fe0b6ce69ff' -> (Import Result ID: '120ac7c0a42cad3c46cde0eb80cd3af6') in 0.001 seconds [static and dynamic dependencies]. Details - ImportResultOutputID=2c9010277288b3110feaf0d5c40c0ab8 DependenciesID=365a2134d2c4df43552653873440a431 StaticDependenciesID=3982c1a09488cae800a0c605454306b5 
Asset Pipeline Refresh (id=39691722329004d48ac343065547bfc7): Total: 0.047 seconds - Initiated by StopAssetImportingV2(NoUpdateAssetOptions)
[Worker0] Imported GUID: cbad8cf3368d64cc98f81fe0b6ce69ff - Path: Assets/Prefabs/Bullet.prefab - Importer: ScriptedImporter/UnityEditor.QuickSearchModule:UnityEditor.Search:ASIAI0B -> (ImportResultId: 'be641b683b2b3edab7e3670a9e2dda00') in 0.010113459 seconds
Importing 'GUID: cbad8cf3368d64cc98f81fe0b6ce69ff - Path: Assets/Prefabs/Bullet.prefab' with importer (PrefabImporter)
Imported 'GUID: cbad8cf3368d64cc98f81fe0b6ce69ff' -> (Import Result ID: 'cf8e8992593868771617e84c5896b873') in 0.001 seconds [static and dynamic dependencies]. Details - ImportResultOutputID=8e0c5684059cb394030be6350ee18020 DependenciesID=dca51c653eb9196786119c88eff65692 StaticDependenciesID=f7362ff4652defaa4d8f4cc83fde1ea9 
Asset Pipeline Refresh (id=e29a7e548f5ae4f938bac6d82f40d3a5): Total: 0.046 seconds - Initiated by StopAssetImportingV2(NoUpdateAssetOptions)
[Worker0] Imported GUID: cbad8cf3368d64cc98f81fe0b6ce69ff - Path: Assets/Prefabs/Bullet.prefab - Importer: ScriptedImporter/UnityEditor.QuickSearchModule:UnityEditor.Search:ASIAI0B -> (ImportResultId: '3ae74dc8b57a26f677764f1fe5723c99') in 0.010072625 seconds
Importing 'GUID: cbad8cf3368d64cc98f81fe0b6ce69ff - Path: Assets/Prefabs/Bullet.prefab' with importer (PrefabImporter)
Imported 'GUID: cbad8cf3368d64cc98f81fe0b6ce69ff' -> (Import Result ID: '3df4fb104f66f0cbd011a395468d8824') in 0.001 seconds [static and dynamic dependencies]. Details - ImportResultOutputID=5ebee2caedcc61e06ccfab1264420d96 DependenciesID=785e09e12fc5fa433b40ed3257954929 StaticDependenciesID=a9ca0389c1479179ddd029bf87707e4d 
Asset Pipeline Refresh (id=fc440eb3e198741af9a4fbd15245a645): Total: 0.046 seconds - Initiated by StopAssetImportingV2(NoUpdateAssetOptions)
[Worker0] Imported GUID: cbad8cf3368d64cc98f81fe0b6ce69ff - Path: Assets/Prefabs/Bullet.prefab - Importer: ScriptedImporter/UnityEditor.QuickSearchModule:UnityEditor.Search:ASIAI0B -> (ImportResultId: '0315ecebcaa77132ec1b3f35ac7b9133') in 0.010762833 seconds
Importing 'GUID: cbad8cf3368d64cc98f81fe0b6ce69ff - Path: Assets/Prefabs/Bullet.prefab' with importer (PrefabImporter)
Imported 'GUID: cbad8cf3368d64cc98f81fe0b6ce69ff' -> (Import Result ID: '4b6fb51d0123dadc393518da3df15d86') in 0.001 seconds [static and dynamic dependencies]. Details - ImportResultOutputID=8f080064cdadb419b9b7fc5294bb6762 DependenciesID=2f48e0d95d1b71c3662a3c56bc4a7b02 StaticDependenciesID=009f5bfd76e31915c1427fa8f98671b1 
Asset Pipeline Refresh (id=5b18f06dfc59d4e11b925caffa374771): Total: 0.045 seconds - Initiated by StopAssetImportingV2(NoUpdateAssetOptions)
[Worker0] Imported GUID: cbad8cf3368d64cc98f81fe0b6ce69ff - Path: Assets/Prefabs/Bullet.prefab - Importer: ScriptedImporter/UnityEditor.QuickSearchModule:UnityEditor.Search:ASIAI0B -> (ImportResultId: '609932762eb93e8a10af8061af4b4626') in 0.009953458 seconds
Importing 'GUID: cbad8cf3368d64cc98f81fe0b6ce69ff - Path: Assets/Prefabs/Bullet.prefab' with importer (PrefabImporter)
Imported 'GUID: cbad8cf3368d64cc98f81fe0b6ce69ff' -> (Import Result ID: '2aabc6fe2826e0edb125853df8d2b713') in 0.001 seconds [static and dynamic dependencies]. Details - ImportResultOutputID=9ce072f26e361a7ee5287962039ac38b DependenciesID=ef0839c9fe29bb80afa7b9212a1820d2 StaticDependenciesID=8a2379f295f320d387e2709e0aa71260 
Asset Pipeline Refresh (id=3e7032f86005d459ea0700ac2eb1cf6e): Total: 0.045 seconds - Initiated by StopAssetImportingV2(NoUpdateAssetOptions)
[Worker0] Imported GUID: cbad8cf3368d64cc98f81fe0b6ce69ff - Path: Assets/Prefabs/Bullet.prefab - Importer: ScriptedImporter/UnityEditor.QuickSearchModule:UnityEditor.Search:ASIAI0B -> (ImportResultId: '85dd0ef3842116ffac5cc8e2edfec665') in 0.009885084 seconds
Importing 'GUID: cbad8cf3368d64cc98f81fe0b6ce69ff - Path: Assets/Prefabs/Bullet.prefab' with importer (PrefabImporter)
Imported 'GUID: cbad8cf3368d64cc98f81fe0b6ce69ff' -> (Import Result ID: '57098c258e9abe2da8bd54018df08009') in 0.001 seconds [static and dynamic dependencies]. Details - ImportResultOutputID=8e1936f6d6c8cbf15b058b78ff4dd181 DependenciesID=6afcea035a3f7c95afeed6a03128b371 StaticDependenciesID=5d34d2bdd4d0fdc923d4724879401cab 
Asset Pipeline Refresh (id=712c6a3948c7b4902848a7e02a459f94): Total: 0.047 seconds - Initiated by StopAssetImportingV2(NoUpdateAssetOptions)
[Worker0] Imported GUID: cbad8cf3368d64cc98f81fe0b6ce69ff - Path: Assets/Prefabs/Bullet.prefab - Importer: ScriptedImporter/UnityEditor.QuickSearchModule:UnityEditor.Search:ASIAI0B -> (ImportResultId: 'e8657131dd646298637e9ce21cf01b4f') in 0.009920417 seconds
Importing 'GUID: cbad8cf3368d64cc98f81fe0b6ce69ff - Path: Assets/Prefabs/Bullet.prefab' with importer (PrefabImporter)
Imported 'GUID: cbad8cf3368d64cc98f81fe0b6ce69ff' -> (Import Result ID: 'c1a25c760a1058d10724ddb4ad0bd2ec') in 0.001 seconds [static and dynamic dependencies]. Details - ImportResultOutputID=2feeb992334bf6db73ea3ca9d63b8a0e DependenciesID=63db060ef1be18b10f5c6a78c17bad84 StaticDependenciesID=0f8390c4bc4b4a23fd4598597fcde0bb 
Asset Pipeline Refresh (id=ab18ccf683645436eb20486a4487b4da): Total: 0.045 seconds - Initiated by StopAssetImportingV2(NoUpdateAssetOptions)
[Worker0] Imported GUID: cbad8cf3368d64cc98f81fe0b6ce69ff - Path: Assets/Prefabs/Bullet.prefab - Importer: ScriptedImporter/UnityEditor.QuickSearchModule:UnityEditor.Search:ASIAI0B -> (ImportResultId: '3f40b37eba1615291bb7d6a26a8cb264') in 0.010017292 seconds
2026-09-15 15:29:07.393 Unity[21390:1291916] NSEventModifierFlagFunction specified to -setKeyEquivalentModifierMask: for item <NSMenuItem: 0x3638b0770 SDF, ke='Command-F12'>, but is only supported for system-provided menu items; will not be used
Importing 'GUID: cbad8cf3368d64cc98f81fe0b6ce69ff - Path: Assets/Prefabs/Bullet.prefab' with importer (PrefabImporter)
Imported 'GUID: cbad8cf3368d64cc98f81fe0b6ce69ff' -> (Import Result ID: '2cb3c677dc299c4e135d2235674a4728') in 0.001 seconds [static and dynamic dependencies]. Details - ImportResultOutputID=1d358b1edc076a747b6b3e1ab21f50a8 DependenciesID=7f18bc3010333d9a30fac43e016dc557 StaticDependenciesID=84b25435eff6f6627c0895f35ba49bc5 
Asset Pipeline Refresh (id=e04f1d28eeab64e1bab2e0377cf98067): Total: 0.044 seconds - Initiated by StopAssetImportingV2(NoUpdateAssetOptions)
[Worker0] Imported GUID: cbad8cf3368d64cc98f81fe0b6ce69ff - Path: Assets/Prefabs/Bullet.prefab - Importer: ScriptedImporter/UnityEditor.QuickSearchModule:UnityEditor.Search:ASIAI0B -> (ImportResultId: 'a137d306a3c3429e9099cae9fe030e2d') in 0.013718666 seconds
Unloading 1 Unused Serialized files (Serialized files now loaded: 0)
Unloading 37 unused Assets / (78.9 KB). Loaded Objects now: 9706.
Memory consumption went from 406.2 MB to 406.2 MB.
Total: 12.999084 ms (FindLiveObjects: 0.213625 ms CreateObjectMapping: 0.540292 ms MarkObjects: 12.163666 ms  DeleteObjects: 0.081292 ms)

Thread 0x16e49b000 may have been prematurely finalized
SpriteAtlasPacking completed in 0.004195 sec
Entering Playmode with Reload Domain disabled.
If you experience any issues, please disable "Enter Play Mode Options" in Editor Settings
Loaded scene 'Temp/__Backupscenes/0.backup'
	Deserialize:            2.072 ms
	Integration:            137.809 ms
	Integration of assets:  0.021 ms
	Thread Wait Time:       0.004 ms
	Total Operation Time:   139.905 ms
Connect two controllers before starting the scene.
UnityEngine.Debug:ExtractStackTraceNoAlloc (byte*,int,string)
UnityEngine.StackTraceUtility:ExtractStackTrace () (at /Users/bokken/build/output/unity/unity/Runtime/Export/Scripting/StackTrace.cs:35)
UnityEngine.DebugLogHandler:Internal_Log (UnityEngine.LogType,UnityEngine.LogOption,string,UnityEngine.Object)
UnityEngine.DebugLogHandler:LogFormat (UnityEngine.LogType,UnityEngine.Object,string,object[])
UnityEngine.Logger:Log (UnityEngine.LogType,object)
UnityEngine.Debug:LogWarning (object)
ControllerAssignment:Start () (at Assets/Scripts/ControllerAssignment.cs:13)

(Filename: Assets/Scripts/ControllerAssignment.cs Line: 13)

Thread 0x364397000 may have been prematurely finalized
Unloading 13 Unused Serialized files (Serialized files now loaded: 0)
Loaded scene 'Temp/__Backupscenes/0.backup'
	Deserialize:            0.639 ms
	Integration:            128.439 ms
	Integration of assets:  0.010 ms
	Thread Wait Time:       0.008 ms
	Total Operation Time:   129.097 ms
Unloading 4 unused Assets / (282.0 KB). Loaded Objects now: 9568.
Memory consumption went from 378.7 MB to 378.5 MB.
Total: 11.924416 ms (FindLiveObjects: 0.217167 ms CreateObjectMapping: 0.569625 ms MarkObjects: 11.033833 ms  DeleteObjects: 0.103542 ms)

[Licensing::Client] Successfully resolved entitlement details
