[2026-09-15T19:21:16.230Z][INFO] Command-line: /Applications/Unity/Hub/Editor/6000.5.1f1/Unity.app/Contents/Helpers/PackageManager/Server/UnityPackageManager server -s 18350 --ipc-path /tmp/Unity-Upm-18350.sock -l 2 --log-file /Users/maxallison/Documents/GitHub/tac-380-Prototype-2/Logs/upm.log
[2026-09-15T19:21:16.239Z][INFO] IPC server started (IPC path=/tmp/Unity-Upm-18350.sock).
[2026-09-15T19:21:16.239Z][INFO] Hint: To connect to this UPM instance, launch Unity with the command-line parameter -upmIpcPath Upm-18350.
[2026-09-15T19:21:17.344Z][INFO] project:list-packages <-- Request received
params: {}
[2026-09-15T19:21:17.432Z][INFO] config:project:get-registries <-- Request received
params: {}
[2026-09-15T19:21:17.432Z][INFO] project:list-packages <-- Request received
params: {}
[2026-09-15T19:21:17.444Z][INFO] config:project:get-registries --> 200 (12 ms)
[2026-09-15T19:21:17.507Z][INFO] project:list-packages --> 200 (163 ms)
[2026-09-15T19:21:17.780Z][INFO] project:list-packages --> 200 (348 ms)
[2026-09-15T19:21:20.536Z][INFO] project:list-packages <-- Request received
params: {}
[2026-09-15T19:21:20.547Z][INFO] project:list-packages <-- Request received
params: {}
[2026-09-15T19:21:20.657Z][INFO] project:list-packages --> 200 (122 ms)
[2026-09-15T19:21:20.673Z][INFO] project:list-packages --> 200 (126 ms)
[2026-09-15T19:21:21.905Z][INFO] project:list-packages <-- Request received
params: {}
[2026-09-15T19:21:21.966Z][INFO] project:list-packages --> 200 (61 ms)
[2026-09-15T19:21:21.970Z][INFO] config:project:get-registries <-- Request received
params: {}
[2026-09-15T19:21:21.972Z][INFO] config:project:get-registries --> 200 (2 ms)
[2026-09-15T19:21:24.007Z][INFO] project:list-packages <-- Request received
params: {}
[2026-09-15T19:21:24.071Z][INFO] project:list-packages --> 200 (65 ms)
[2026-09-15T19:23:02.292Z][INFO] Received shutdown request (SIGTERM), shutting down Unity Package Manager
